#! /usr/bin/vvp
:ivl_version "10.3 (stable)";
:ivl_delay_selection "TYPICAL";
:vpi_time_precision + 0;
:vpi_module "system";
:vpi_module "vhdl_sys";
:vpi_module "v2005_math";
:vpi_module "va_math";
S_0x5625e5676b00 .scope module, "gray_to_onehot" "gray_to_onehot" 2 118;
 .timescale 0 0;
    .port_info 0 /INPUT 8 "gray_in"
    .port_info 1 /INPUT 1 "enable"
    .port_info 2 /OUTPUT 256 "onehot_out"
P_0x5625e5676c80 .param/l "WIDTH" 0 2 120, +C4<00000000000000000000000000001000>;
v0x5625e569e350_0 .net "bin_data", 7 0, v0x5625e569e060_0;  1 drivers
o0x7ff328d9c048 .functor BUFZ 1, C4<z>; HiZ drive
v0x5625e569e460_0 .net "enable", 0 0, o0x7ff328d9c048;  0 drivers
o0x7ff328d9c138 .functor BUFZ 8, C4<zzzzzzzz>; HiZ drive
v0x5625e569e570_0 .net "gray_in", 7 0, o0x7ff328d9c138;  0 drivers
v0x5625e569e610_0 .net "onehot_out", 255 0, v0x5625e569dab0_0;  1 drivers
S_0x5625e563f0a0 .scope module, "bto" "bin_to_onehot" 2 137, 2 27 0, S_0x5625e5676b00;
 .timescale 0 0;
    .port_info 0 /INPUT 8 "bin_in"
    .port_info 1 /INPUT 1 "enable"
    .port_info 2 /OUTPUT 256 "onehot_out"
P_0x5625e563f270 .param/l "WIDTH" 0 2 29, +C4<00000000000000000000000000001000>;
v0x5625e563f390_0 .net "bin_in", 7 0, v0x5625e569e060_0;  alias, 1 drivers
v0x5625e569d9f0_0 .net "enable", 0 0, o0x7ff328d9c048;  alias, 0 drivers
v0x5625e569dab0_0 .var "onehot_out", 255 0;
E_0x5625e567ec60 .event edge, v0x5625e569d9f0_0, v0x5625e563f390_0;
S_0x5625e569dc20 .scope module, "gtb" "gray_to_bin" 2 130, 2 1 0, S_0x5625e5676b00;
 .timescale 0 0;
    .port_info 0 /INPUT 8 "decoder_in"
    .port_info 1 /INPUT 1 "enable"
    .port_info 2 /OUTPUT 8 "decoder_out"
P_0x5625e569ddf0 .param/l "WIDTH" 0 2 3, +C4<00000000000000000000000000001000>;
v0x5625e569df60_0 .net "decoder_in", 7 0, o0x7ff328d9c138;  alias, 0 drivers
v0x5625e569e060_0 .var "decoder_out", 7 0;
v0x5625e569e150_0 .net "enable", 0 0, o0x7ff328d9c048;  alias, 0 drivers
v0x5625e569e250_0 .var/i "i", 31 0;
E_0x5625e567eea0 .event edge, v0x5625e569d9f0_0, v0x5625e569df60_0, v0x5625e569e250_0, v0x5625e563f390_0;
S_0x5625e5678770 .scope module, "gray_to_unary" "gray_to_unary" 2 146;
 .timescale 0 0;
    .port_info 0 /INPUT 8 "gray_in"
    .port_info 1 /INPUT 1 "enable"
    .port_info 2 /OUTPUT 256 "unary_out"
P_0x5625e56788f0 .param/l "WIDTH" 0 2 148, +C4<00000000000000000000000000001000>;
v0x5625e569f5b0_0 .net "bin_data", 7 0, v0x5625e569f2c0_0;  1 drivers
o0x7ff328d9c2e8 .functor BUFZ 1, C4<z>; HiZ drive
v0x5625e569f6c0_0 .net "enable", 0 0, o0x7ff328d9c2e8;  0 drivers
o0x7ff328d9c408 .functor BUFZ 8, C4<zzzzzzzz>; HiZ drive
v0x5625e569f7d0_0 .net "gray_in", 7 0, o0x7ff328d9c408;  0 drivers
v0x5625e569f870_0 .net "unary_out", 255 0, v0x5625e569ed20_0;  1 drivers
S_0x5625e569e720 .scope module, "bto" "bin_to_unary" 2 165, 2 49 0, S_0x5625e5678770;
 .timescale 0 0;
    .port_info 0 /INPUT 8 "bin_in"
    .port_info 1 /INPUT 1 "enable"
    .port_info 2 /OUTPUT 256 "unary_out"
P_0x5625e569e8f0 .param/l "WIDTH" 0 2 51, +C4<00000000000000000000000000001000>;
v0x5625e569ea70_0 .net "bin_in", 7 0, v0x5625e569f2c0_0;  alias, 1 drivers
v0x5625e569eb70_0 .net "enable", 0 0, o0x7ff328d9c2e8;  alias, 0 drivers
v0x5625e569ec30_0 .var/i "i", 31 0;
v0x5625e569ed20_0 .var "unary_out", 255 0;
E_0x5625e567f390 .event edge, v0x5625e569eb70_0, v0x5625e569ec30_0, v0x5625e569ea70_0;
S_0x5625e569ee80 .scope module, "gtb" "gray_to_bin" 2 158, 2 1 0, S_0x5625e5678770;
 .timescale 0 0;
    .port_info 0 /INPUT 8 "decoder_in"
    .port_info 1 /INPUT 1 "enable"
    .port_info 2 /OUTPUT 8 "decoder_out"
P_0x5625e569f050 .param/l "WIDTH" 0 2 3, +C4<00000000000000000000000000001000>;
v0x5625e569f1c0_0 .net "decoder_in", 7 0, o0x7ff328d9c408;  alias, 0 drivers
v0x5625e569f2c0_0 .var "decoder_out", 7 0;
v0x5625e569f3b0_0 .net "enable", 0 0, o0x7ff328d9c2e8;  alias, 0 drivers
v0x5625e569f4b0_0 .var/i "i", 31 0;
E_0x5625e563d9b0 .event edge, v0x5625e569eb70_0, v0x5625e569f1c0_0, v0x5625e569f4b0_0, v0x5625e569ea70_0;
S_0x5625e5678a10 .scope module, "unary_to_gray" "unary_to_gray" 2 174;
 .timescale 0 0;
    .port_info 0 /INPUT 256 "unary_in"
    .port_info 1 /INPUT 1 "enable"
    .port_info 2 /OUTPUT 8 "gray_out"
P_0x5625e56844d0 .param/l "WIDTH" 0 2 176, +C4<00000000000000000000000000001000>;
v0x5625e56a0720_0 .net "bin_data", 7 0, v0x5625e56a0330_0;  1 drivers
o0x7ff328d9c5b8 .functor BUFZ 1, C4<z>; HiZ drive
v0x5625e56a0830_0 .net "enable", 0 0, o0x7ff328d9c5b8;  0 drivers
v0x5625e56a0940_0 .net "gray_out", 7 0, v0x5625e569fe90_0;  1 drivers
o0x7ff328d9c6d8 .functor BUFZ 256, C4<zzzzzzzzzzzzzzzzzzzzzzzzzzzzzzzzzzzzzzzzzzzzzzzzzzzzzzzzzzzzzzzzzzzzzzzzzzzzzzzzzzzzzzzzzzzzzzzzzzzzzzzzzzzzzzzzzzzzzzzzzzzzzzzzzzzzzzzzzzzzzzzzzzzzzzzzzzzzzzzzzzzzzzzzzzzzzzzzzzzzzzzzzzzzzzzzzzzzzzzzzzzzzzzzzzzzzzzzzzzzzzzzzzzzzzzzzzzzzzzzzzzzzzzzzzzzzzzz>; HiZ drive
v0x5625e56a09e0_0 .net "unary_in", 255 0, o0x7ff328d9c6d8;  0 drivers
S_0x5625e569f980 .scope module, "btg" "bin_to_gray" 2 193, 2 99 0, S_0x5625e5678a10;
 .timescale 0 0;
    .port_info 0 /INPUT 8 "bin_in"
    .port_info 1 /INPUT 1 "enable"
    .port_info 2 /OUTPUT 8 "gray_out"
P_0x5625e569fb50 .param/l "WIDTH" 0 2 100, +C4<00000000000000000000000000001000>;
v0x5625e569fcd0_0 .net "bin_in", 7 0, v0x5625e56a0330_0;  alias, 1 drivers
v0x5625e569fdd0_0 .net "enable", 0 0, o0x7ff328d9c5b8;  alias, 0 drivers
v0x5625e569fe90_0 .var "gray_out", 7 0;
E_0x5625e566d4b0 .event edge, v0x5625e569fdd0_0, v0x5625e569fcd0_0;
S_0x5625e56a0000 .scope module, "utb" "unary_to_binary" 2 186, 2 75 0, S_0x5625e5678a10;
 .timescale 0 0;
    .port_info 0 /INPUT 256 "unary_in"
    .port_info 1 /INPUT 1 "enable"
    .port_info 2 /OUTPUT 8 "binary_out"
P_0x5625e56a01d0 .param/l "WIDTH" 0 2 77, +C4<00000000000000000000000000001000>;
v0x5625e56a0330_0 .var "binary_out", 7 0;
v0x5625e56a0440_0 .net "enable", 0 0, o0x7ff328d9c5b8;  alias, 0 drivers
v0x5625e56a0510_0 .var/i "i", 31 0;
v0x5625e56a05e0_0 .net "unary_in", 255 0, o0x7ff328d9c6d8;  alias, 0 drivers
E_0x5625e566d4f0 .event edge, v0x5625e569fdd0_0, v0x5625e56a0510_0, v0x5625e56a05e0_0;
    .scope S_0x5625e569dc20;
T_0 ;
    %wait E_0x5625e567eea0;
    %pushi/vec4 0, 0, 8;
    %store/vec4 v0x5625e569e060_0, 0, 8;
    %load/vec4 v0x5625e569e150_0;
    %flag_set/vec4 8;
    %jmp/0xz  T_0.0, 8;
    %load/vec4 v0x5625e569df60_0;
    %parti/s 1, 7, 4;
    %ix/load 4, 7, 0;
    %flag_set/imm 4, 0;
    %store/vec4 v0x5625e569e060_0, 4, 1;
    %pushi/vec4 6, 0, 32;
    %store/vec4 v0x5625e569e250_0, 0, 32;
T_0.2 ;
    %pushi/vec4 0, 0, 32;
    %load/vec4 v0x5625e569e250_0;
    %cmp/s;
    %flag_or 5, 4;
    %jmp/0xz T_0.3, 5;
    %load/vec4 v0x5625e569e060_0;
    %load/vec4 v0x5625e569e250_0;
    %addi 1, 0, 32;
    %part/s 1;
    %load/vec4 v0x5625e569df60_0;
    %load/vec4 v0x5625e569e250_0;
    %part/s 1;
    %xor;
    %ix/getv/s 4, v0x5625e569e250_0;
    %store/vec4 v0x5625e569e060_0, 4, 1;
    %load/vec4 v0x5625e569e250_0;
    %subi 1, 0, 32;
    %store/vec4 v0x5625e569e250_0, 0, 32;
    %jmp T_0.2;
T_0.3 ;
T_0.0 ;
    %jmp T_0;
    .thread T_0, $push;
    .scope S_0x5625e563f0a0;
T_1 ;
    %wait E_0x5625e567ec60;
    %pushi/vec4 0, 0, 256;
    %store/vec4 v0x5625e569dab0_0, 0, 256;
    %load/vec4 v0x5625e569d9f0_0;
    %flag_set/vec4 8;
    %jmp/0xz  T_1.0, 8;
    %pushi/vec4 1, 0, 256;
    %ix/getv 4, v0x5625e563f390_0;
    %shiftl 4;
    %store/vec4 v0x5625e569dab0_0, 0, 256;
T_1.0 ;
    %jmp T_1;
    .thread T_1, $push;
    .scope S_0x5625e569ee80;
T_2 ;
    %wait E_0x5625e563d9b0;
    %pushi/vec4 0, 0, 8;
    %store/vec4 v0x5625e569f2c0_0, 0, 8;
    %load/vec4 v0x5625e569f3b0_0;
    %flag_set/vec4 8;
    %jmp/0xz  T_2.0, 8;
    %load/vec4 v0x5625e569f1c0_0;
    %parti/s 1, 7, 4;
    %ix/load 4, 7, 0;
    %flag_set/imm 4, 0;
    %store/vec4 v0x5625e569f2c0_0, 4, 1;
    %pushi/vec4 6, 0, 32;
    %store/vec4 v0x5625e569f4b0_0, 0, 32;
T_2.2 ;
    %pushi/vec4 0, 0, 32;
    %load/vec4 v0x5625e569f4b0_0;
    %cmp/s;
    %flag_or 5, 4;
    %jmp/0xz T_2.3, 5;
    %load/vec4 v0x5625e569f2c0_0;
    %load/vec4 v0x5625e569f4b0_0;
    %addi 1, 0, 32;
    %part/s 1;
    %load/vec4 v0x5625e569f1c0_0;
    %load/vec4 v0x5625e569f4b0_0;
    %part/s 1;
    %xor;
    %ix/getv/s 4, v0x5625e569f4b0_0;
    %store/vec4 v0x5625e569f2c0_0, 4, 1;
    %load/vec4 v0x5625e569f4b0_0;
    %subi 1, 0, 32;
    %store/vec4 v0x5625e569f4b0_0, 0, 32;
    %jmp T_2.2;
T_2.3 ;
T_2.0 ;
    %jmp T_2;
    .thread T_2, $push;
    .scope S_0x5625e569e720;
T_3 ;
    %wait E_0x5625e567f390;
    %pushi/vec4 0, 0, 256;
    %store/vec4 v0x5625e569ed20_0, 0, 256;
    %load/vec4 v0x5625e569eb70_0;
    %flag_set/vec4 8;
    %jmp/0xz  T_3.0, 8;
    %pushi/vec4 0, 0, 32;
    %store/vec4 v0x5625e569ec30_0, 0, 32;
T_3.2 ;
    %load/vec4 v0x5625e569ec30_0;
    %cmpi/s 256, 0, 32;
    %jmp/0xz T_3.3, 5;
    %load/vec4 v0x5625e569ec30_0;
    %load/vec4 v0x5625e569ea70_0;
    %pad/u 32;
    %cmp/u;
    %flag_or 5, 4;
    %jmp/0xz  T_3.4, 5;
    %pushi/vec4 1, 0, 1;
    %ix/getv/s 4, v0x5625e569ec30_0;
    %store/vec4 v0x5625e569ed20_0, 4, 1;
    %jmp T_3.5;
T_3.4 ;
    %pushi/vec4 0, 0, 1;
    %ix/getv/s 4, v0x5625e569ec30_0;
    %store/vec4 v0x5625e569ed20_0, 4, 1;
T_3.5 ;
    %load/vec4 v0x5625e569ec30_0;
    %addi 1, 0, 32;
    %store/vec4 v0x5625e569ec30_0, 0, 32;
    %jmp T_3.2;
T_3.3 ;
T_3.0 ;
    %jmp T_3;
    .thread T_3, $push;
    .scope S_0x5625e56a0000;
T_4 ;
    %wait E_0x5625e566d4f0;
    %pushi/vec4 0, 0, 8;
    %store/vec4 v0x5625e56a0330_0, 0, 8;
    %load/vec4 v0x5625e56a0440_0;
    %flag_set/vec4 8;
    %jmp/0xz  T_4.0, 8;
    %pushi/vec4 0, 0, 32;
    %store/vec4 v0x5625e56a0510_0, 0, 32;
T_4.2 ;
    %load/vec4 v0x5625e56a0510_0;
    %cmpi/s 256, 0, 32;
    %jmp/0xz T_4.3, 5;
    %load/vec4 v0x5625e56a05e0_0;
    %load/vec4 v0x5625e56a0510_0;
    %part/s 1;
    %flag_set/vec4 8;
    %jmp/0xz  T_4.4, 8;
    %load/vec4 v0x5625e56a0510_0;
    %parti/s 8, 0, 2;
    %store/vec4 v0x5625e56a0330_0, 0, 8;
T_4.4 ;
    %load/vec4 v0x5625e56a0510_0;
    %addi 1, 0, 32;
    %store/vec4 v0x5625e56a0510_0, 0, 32;
    %jmp T_4.2;
T_4.3 ;
T_4.0 ;
    %jmp T_4;
    .thread T_4, $push;
    .scope S_0x5625e569f980;
T_5 ;
    %wait E_0x5625e566d4b0;
    %pushi/vec4 0, 0, 8;
    %store/vec4 v0x5625e569fe90_0, 0, 8;
    %load/vec4 v0x5625e569fdd0_0;
    %flag_set/vec4 8;
    %jmp/0xz  T_5.0, 8;
    %load/vec4 v0x5625e569fcd0_0;
    %load/vec4 v0x5625e569fcd0_0;
    %ix/load 4, 1, 0;
    %flag_set/imm 4, 0;
    %shiftr 4;
    %xor;
    %store/vec4 v0x5625e569fe90_0, 0, 8;
T_5.0 ;
    %jmp T_5;
    .thread T_5, $push;
# The file index is used to find the file name in the following table.
:file_names 3;
    "N/A";
    "<interactive>";
    "/home/incredibleradioman/repos/DigitalSynthLessons/panchul/unit3/gray_4bit_to_onehot/gray_decoders.sv";
