#! /usr/bin/vvp
:ivl_version "10.3 (stable)";
:ivl_delay_selection "TYPICAL";
:vpi_time_precision + 0;
:vpi_module "system";
:vpi_module "vhdl_sys";
:vpi_module "v2005_math";
:vpi_module "va_math";
S_0x5634353270a0 .scope module, "b4_pri_enc_if" "b4_pri_enc_if" 2 3;
 .timescale 0 0;
    .port_info 0 /INPUT 16 "encoder_in"
    .port_info 1 /OUTPUT 4 "binary_out"
    .port_info 2 /INPUT 1 "enable"
v0x563435327270_0 .var "binary_out", 3 0;
o0x7f977aae4048 .functor BUFZ 1, C4<z>; HiZ drive
v0x5634353717a0_0 .net "enable", 0 0, o0x7f977aae4048;  0 drivers
o0x7f977aae4078 .functor BUFZ 16, C4<zzzzzzzzzzzzzzzz>; HiZ drive
v0x563435371860_0 .net "encoder_in", 15 0, o0x7f977aae4078;  0 drivers
E_0x56343535c740 .event edge, v0x5634353717a0_0, v0x563435371860_0;
    .scope S_0x5634353270a0;
T_0 ;
    %wait E_0x56343535c740;
    %pushi/vec4 0, 0, 4;
    %store/vec4 v0x563435327270_0, 0, 4;
    %load/vec4 v0x5634353717a0_0;
    %flag_set/vec4 8;
    %jmp/0xz  T_0.0, 8;
    %load/vec4 v0x563435371860_0;
    %parti/s 1, 0, 2;
    %cmpi/e 1, 0, 1;
    %jmp/0xz  T_0.2, 4;
    %pushi/vec4 0, 0, 4;
    %store/vec4 v0x563435327270_0, 0, 4;
    %jmp T_0.3;
T_0.2 ;
    %load/vec4 v0x563435371860_0;
    %parti/s 1, 1, 2;
    %cmpi/e 1, 0, 1;
    %jmp/0xz  T_0.4, 4;
    %pushi/vec4 1, 0, 4;
    %store/vec4 v0x563435327270_0, 0, 4;
    %jmp T_0.5;
T_0.4 ;
    %load/vec4 v0x563435371860_0;
    %parti/s 1, 2, 3;
    %cmpi/e 1, 0, 1;
    %jmp/0xz  T_0.6, 4;
    %pushi/vec4 2, 0, 4;
    %store/vec4 v0x563435327270_0, 0, 4;
    %jmp T_0.7;
T_0.6 ;
    %load/vec4 v0x563435371860_0;
    %parti/s 1, 3, 3;
    %cmpi/e 1, 0, 1;
    %jmp/0xz  T_0.8, 4;
    %pushi/vec4 3, 0, 4;
    %store/vec4 v0x563435327270_0, 0, 4;
    %jmp T_0.9;
T_0.8 ;
    %load/vec4 v0x563435371860_0;
    %parti/s 1, 4, 4;
    %cmpi/e 1, 0, 1;
    %jmp/0xz  T_0.10, 4;
    %pushi/vec4 4, 0, 4;
    %store/vec4 v0x563435327270_0, 0, 4;
    %jmp T_0.11;
T_0.10 ;
    %load/vec4 v0x563435371860_0;
    %parti/s 1, 5, 4;
    %cmpi/e 1, 0, 1;
    %jmp/0xz  T_0.12, 4;
    %pushi/vec4 5, 0, 4;
    %store/vec4 v0x563435327270_0, 0, 4;
    %jmp T_0.13;
T_0.12 ;
    %load/vec4 v0x563435371860_0;
    %parti/s 1, 6, 4;
    %cmpi/e 1, 0, 1;
    %jmp/0xz  T_0.14, 4;
    %pushi/vec4 6, 0, 4;
    %store/vec4 v0x563435327270_0, 0, 4;
    %jmp T_0.15;
T_0.14 ;
    %load/vec4 v0x563435371860_0;
    %parti/s 1, 7, 4;
    %cmpi/e 1, 0, 1;
    %jmp/0xz  T_0.16, 4;
    %pushi/vec4 7, 0, 4;
    %store/vec4 v0x563435327270_0, 0, 4;
    %jmp T_0.17;
T_0.16 ;
    %load/vec4 v0x563435371860_0;
    %parti/s 1, 8, 5;
    %cmpi/e 1, 0, 1;
    %jmp/0xz  T_0.18, 4;
    %pushi/vec4 8, 0, 4;
    %store/vec4 v0x563435327270_0, 0, 4;
    %jmp T_0.19;
T_0.18 ;
    %load/vec4 v0x563435371860_0;
    %parti/s 1, 9, 5;
    %cmpi/e 1, 0, 1;
    %jmp/0xz  T_0.20, 4;
    %pushi/vec4 9, 0, 4;
    %store/vec4 v0x563435327270_0, 0, 4;
    %jmp T_0.21;
T_0.20 ;
    %load/vec4 v0x563435371860_0;
    %parti/s 1, 10, 5;
    %cmpi/e 1, 0, 1;
    %jmp/0xz  T_0.22, 4;
    %pushi/vec4 10, 0, 4;
    %store/vec4 v0x563435327270_0, 0, 4;
    %jmp T_0.23;
T_0.22 ;
    %load/vec4 v0x563435371860_0;
    %parti/s 1, 11, 5;
    %cmpi/e 1, 0, 1;
    %jmp/0xz  T_0.24, 4;
    %pushi/vec4 11, 0, 4;
    %store/vec4 v0x563435327270_0, 0, 4;
    %jmp T_0.25;
T_0.24 ;
    %load/vec4 v0x563435371860_0;
    %parti/s 1, 12, 5;
    %cmpi/e 1, 0, 1;
    %jmp/0xz  T_0.26, 4;
    %pushi/vec4 12, 0, 4;
    %store/vec4 v0x563435327270_0, 0, 4;
    %jmp T_0.27;
T_0.26 ;
    %load/vec4 v0x563435371860_0;
    %parti/s 1, 13, 5;
    %cmpi/e 1, 0, 1;
    %jmp/0xz  T_0.28, 4;
    %pushi/vec4 13, 0, 4;
    %store/vec4 v0x563435327270_0, 0, 4;
    %jmp T_0.29;
T_0.28 ;
    %load/vec4 v0x563435371860_0;
    %parti/s 1, 14, 5;
    %cmpi/e 1, 0, 1;
    %jmp/0xz  T_0.30, 4;
    %pushi/vec4 14, 0, 4;
    %store/vec4 v0x563435327270_0, 0, 4;
    %jmp T_0.31;
T_0.30 ;
    %load/vec4 v0x563435371860_0;
    %parti/s 1, 15, 5;
    %cmpi/e 1, 0, 1;
    %jmp/0xz  T_0.32, 4;
    %pushi/vec4 15, 0, 4;
    %store/vec4 v0x563435327270_0, 0, 4;
T_0.32 ;
T_0.31 ;
T_0.29 ;
T_0.27 ;
T_0.25 ;
T_0.23 ;
T_0.21 ;
T_0.19 ;
T_0.17 ;
T_0.15 ;
T_0.13 ;
T_0.11 ;
T_0.9 ;
T_0.7 ;
T_0.5 ;
T_0.3 ;
T_0.0 ;
    %jmp T_0;
    .thread T_0, $push;
# The file index is used to find the file name in the following table.
:file_names 3;
    "N/A";
    "<interactive>";
    "/home/incredibleradioman/repos/DigitalSynthLessons/panchul/unit3/b4_pri_enc_if/b4_pri_enc_if.sv";
