#! /usr/bin/vvp
:ivl_version "10.3 (stable)";
:ivl_delay_selection "TYPICAL";
:vpi_time_precision + 0;
:vpi_module "system";
:vpi_module "vhdl_sys";
:vpi_module "v2005_math";
:vpi_module "va_math";
S_0x555aa38911a0 .scope module, "dff_with_nrst_en" "dff_with_nrst_en" 2 2;
 .timescale 0 0;
    .port_info 0 /INPUT 1 "clk"
    .port_info 1 /INPUT 1 "rst_n"
    .port_info 2 /INPUT 1 "en"
    .port_info 3 /INPUT 1 "d"
    .port_info 4 /OUTPUT 1 "q"
o0x7fa95dc5d018 .functor BUFZ 1, C4<z>; HiZ drive
v0x555aa38913e0_0 .net "clk", 0 0, o0x7fa95dc5d018;  0 drivers
o0x7fa95dc5d048 .functor BUFZ 1, C4<z>; HiZ drive
v0x555aa38d40c0_0 .net "d", 0 0, o0x7fa95dc5d048;  0 drivers
o0x7fa95dc5d078 .functor BUFZ 1, C4<z>; HiZ drive
v0x555aa38d4180_0 .net "en", 0 0, o0x7fa95dc5d078;  0 drivers
v0x555aa38d4250_0 .var "q", 0 0;
o0x7fa95dc5d0d8 .functor BUFZ 1, C4<z>; HiZ drive
v0x555aa38d4310_0 .net "rst_n", 0 0, o0x7fa95dc5d0d8;  0 drivers
E_0x555aa38c6560/0 .event negedge, v0x555aa38d4310_0;
E_0x555aa38c6560/1 .event posedge, v0x555aa38913e0_0;
E_0x555aa38c6560 .event/or E_0x555aa38c6560/0, E_0x555aa38c6560/1;
    .scope S_0x555aa38911a0;
T_0 ;
    %wait E_0x555aa38c6560;
    %load/vec4 v0x555aa38d4310_0;
    %nor/r;
    %flag_set/vec4 8;
    %jmp/0xz  T_0.0, 8;
    %pushi/vec4 0, 0, 1;
    %assign/vec4 v0x555aa38d4250_0, 0;
    %jmp T_0.1;
T_0.0 ;
    %load/vec4 v0x555aa38d4180_0;
    %flag_set/vec4 8;
    %jmp/0xz  T_0.2, 8;
    %load/vec4 v0x555aa38d40c0_0;
    %assign/vec4 v0x555aa38d4250_0, 0;
T_0.2 ;
T_0.1 ;
    %jmp T_0;
    .thread T_0;
# The file index is used to find the file name in the following table.
:file_names 3;
    "N/A";
    "<interactive>";
    "/home/incredibleradioman/repos/DigitalSynthLessons/panchul/unit2/dff_with_en/dff_with_nrst_en.sv";
