#! /usr/bin/vvp
:ivl_version "10.3 (stable)";
:ivl_delay_selection "TYPICAL";
:vpi_time_precision + 0;
:vpi_module "system";
:vpi_module "vhdl_sys";
:vpi_module "v2005_math";
:vpi_module "va_math";
S_0x55dd921be1a0 .scope module, "dff_async_rst_n" "dff_async_rst_n" 2 1;
 .timescale 0 0;
    .port_info 0 /INPUT 1 "clk"
    .port_info 1 /INPUT 1 "rst_n"
    .port_info 2 /INPUT 1 "d"
    .port_info 3 /OUTPUT 1 "q"
o0x7fc9d7b0b018 .functor BUFZ 1, C4<z>; HiZ drive
v0x55dd921be3d0_0 .net "clk", 0 0, o0x7fc9d7b0b018;  0 drivers
o0x7fc9d7b0b048 .functor BUFZ 1, C4<z>; HiZ drive
v0x55dd92200820_0 .net "d", 0 0, o0x7fc9d7b0b048;  0 drivers
v0x55dd922008e0_0 .var "q", 0 0;
o0x7fc9d7b0b0a8 .functor BUFZ 1, C4<z>; HiZ drive
v0x55dd922009b0_0 .net "rst_n", 0 0, o0x7fc9d7b0b0a8;  0 drivers
E_0x55dd921beb00/0 .event negedge, v0x55dd922009b0_0;
E_0x55dd921beb00/1 .event posedge, v0x55dd921be3d0_0;
E_0x55dd921beb00 .event/or E_0x55dd921beb00/0, E_0x55dd921beb00/1;
    .scope S_0x55dd921be1a0;
T_0 ;
    %wait E_0x55dd921beb00;
    %load/vec4 v0x55dd922009b0_0;
    %nor/r;
    %flag_set/vec4 8;
    %jmp/0xz  T_0.0, 8;
    %pushi/vec4 0, 0, 1;
    %assign/vec4 v0x55dd922008e0_0, 0;
    %jmp T_0.1;
T_0.0 ;
    %load/vec4 v0x55dd92200820_0;
    %assign/vec4 v0x55dd922008e0_0, 0;
T_0.1 ;
    %jmp T_0;
    .thread T_0;
# The file index is used to find the file name in the following table.
:file_names 3;
    "N/A";
    "<interactive>";
    "/home/incredibleradioman/repos/DigitalSynthLessons/panchul/unit2/dff_async_nrst/dff_async_rst_n.sv";
