#! /usr/bin/vvp
:ivl_version "10.3 (stable)";
:ivl_delay_selection "TYPICAL";
:vpi_time_precision + 0;
:vpi_module "system";
:vpi_module "vhdl_sys";
:vpi_module "v2005_math";
:vpi_module "va_math";
S_0x55d1e6a111b0 .scope module, "dff_async_rst_n_param" "dff_async_rst_n_param" 2 1;
 .timescale 0 0;
    .port_info 0 /INPUT 1 "clk"
    .port_info 1 /INPUT 1 "rst_n"
    .port_info 2 /INPUT 8 "d"
    .port_info 3 /OUTPUT 8 "q"
P_0x55d1e6a105b0 .param/l "RESET" 0 2 4, C4<00000000>;
P_0x55d1e6a105f0 .param/l "WIDTH" 0 2 3, +C4<00000000000000000000000000001000>;
o0x7fd397d54018 .functor BUFZ 1, C4<z>; HiZ drive
v0x55d1e6a11420_0 .net "clk", 0 0, o0x7fd397d54018;  0 drivers
o0x7fd397d54048 .functor BUFZ 8, C4<zzzzzzzz>; HiZ drive
v0x55d1e6a54970_0 .net "d", 7 0, o0x7fd397d54048;  0 drivers
v0x55d1e6a54a50_0 .var "q", 7 0;
o0x7fd397d540a8 .functor BUFZ 1, C4<z>; HiZ drive
v0x55d1e6a54b40_0 .net "rst_n", 0 0, o0x7fd397d540a8;  0 drivers
E_0x55d1e6a46850/0 .event negedge, v0x55d1e6a54b40_0;
E_0x55d1e6a46850/1 .event posedge, v0x55d1e6a11420_0;
E_0x55d1e6a46850 .event/or E_0x55d1e6a46850/0, E_0x55d1e6a46850/1;
    .scope S_0x55d1e6a111b0;
T_0 ;
    %wait E_0x55d1e6a46850;
    %load/vec4 v0x55d1e6a54b40_0;
    %nor/r;
    %flag_set/vec4 8;
    %jmp/0xz  T_0.0, 8;
    %pushi/vec4 0, 0, 8;
    %assign/vec4 v0x55d1e6a54a50_0, 0;
    %jmp T_0.1;
T_0.0 ;
    %load/vec4 v0x55d1e6a54970_0;
    %assign/vec4 v0x55d1e6a54a50_0, 0;
T_0.1 ;
    %jmp T_0;
    .thread T_0;
# The file index is used to find the file name in the following table.
:file_names 3;
    "N/A";
    "<interactive>";
    "/home/incredibleradioman/repos/DigitalSynthLessons/panchul/unit2/dff_async_rst_n_param/dff_async_rst_n_param.sv";
