#! /usr/bin/vvp
:ivl_version "10.3 (stable)";
:ivl_delay_selection "TYPICAL";
:vpi_time_precision + 0;
:vpi_module "system";
:vpi_module "vhdl_sys";
:vpi_module "v2005_math";
:vpi_module "va_math";
S_0x562daf4db180 .scope module, "sevenseg_dec_one_digit" "sevenseg_dec_one_digit" 2 1;
 .timescale 0 0;
    .port_info 0 /INPUT 4 "decoder_in"
    .port_info 1 /OUTPUT 1 "a"
    .port_info 2 /OUTPUT 1 "b"
    .port_info 3 /OUTPUT 1 "c"
    .port_info 4 /OUTPUT 1 "d"
    .port_info 5 /OUTPUT 1 "e"
    .port_info 6 /OUTPUT 1 "f"
    .port_info 7 /OUTPUT 1 "g"
    .port_info 8 /INPUT 1 "enable"
o0x7f8e03b15168 .functor BUFZ 1, C4<z>; HiZ drive
L_0x562daf538330 .functor NOT 1, o0x7f8e03b15168, C4<0>, C4<0>, C4<0>;
v0x562daf4db400_0 .net *"_s0", 0 0, L_0x562daf538330;  1 drivers
v0x562daf5379e0_0 .var "a", 0 0;
v0x562daf537aa0_0 .var "b", 0 0;
v0x562daf537b40_0 .var "c", 0 0;
v0x562daf537c00_0 .var "d", 0 0;
o0x7f8e03b15108 .functor BUFZ 4, C4<zzzz>; HiZ drive
v0x562daf537cc0_0 .net "decoder_in", 3 0, o0x7f8e03b15108;  0 drivers
v0x562daf537da0_0 .var "e", 0 0;
v0x562daf537e60_0 .net "enable", 0 0, o0x7f8e03b15168;  0 drivers
v0x562daf537f20_0 .var "f", 0 0;
v0x562daf538070_0 .var "g", 0 0;
v0x562daf538130_0 .net "sel", 4 0, L_0x562daf5383f0;  1 drivers
E_0x562daf510d60 .event edge, v0x562daf538130_0;
L_0x562daf5383f0 .concat [ 4 1 0 0], o0x7f8e03b15108, L_0x562daf538330;
    .scope S_0x562daf4db180;
T_0 ;
    %wait E_0x562daf510d60;
    %load/vec4 v0x562daf538130_0;
    %dup/vec4;
    %pushi/vec4 0, 0, 5;
    %cmp/u;
    %jmp/1 T_0.0, 6;
    %dup/vec4;
    %pushi/vec4 1, 0, 5;
    %cmp/u;
    %jmp/1 T_0.1, 6;
    %dup/vec4;
    %pushi/vec4 2, 0, 5;
    %cmp/u;
    %jmp/1 T_0.2, 6;
    %dup/vec4;
    %pushi/vec4 3, 0, 5;
    %cmp/u;
    %jmp/1 T_0.3, 6;
    %dup/vec4;
    %pushi/vec4 4, 0, 5;
    %cmp/u;
    %jmp/1 T_0.4, 6;
    %dup/vec4;
    %pushi/vec4 5, 0, 5;
    %cmp/u;
    %jmp/1 T_0.5, 6;
    %dup/vec4;
    %pushi/vec4 6, 0, 5;
    %cmp/u;
    %jmp/1 T_0.6, 6;
    %dup/vec4;
    %pushi/vec4 7, 0, 5;
    %cmp/u;
    %jmp/1 T_0.7, 6;
    %dup/vec4;
    %pushi/vec4 8, 0, 5;
    %cmp/u;
    %jmp/1 T_0.8, 6;
    %dup/vec4;
    %pushi/vec4 9, 0, 5;
    %cmp/u;
    %jmp/1 T_0.9, 6;
    %dup/vec4;
    %pushi/vec4 10, 0, 5;
    %cmp/u;
    %jmp/1 T_0.10, 6;
    %dup/vec4;
    %pushi/vec4 11, 0, 5;
    %cmp/u;
    %jmp/1 T_0.11, 6;
    %dup/vec4;
    %pushi/vec4 12, 0, 5;
    %cmp/u;
    %jmp/1 T_0.12, 6;
    %dup/vec4;
    %pushi/vec4 13, 0, 5;
    %cmp/u;
    %jmp/1 T_0.13, 6;
    %dup/vec4;
    %pushi/vec4 14, 0, 5;
    %cmp/u;
    %jmp/1 T_0.14, 6;
    %dup/vec4;
    %pushi/vec4 15, 0, 5;
    %cmp/u;
    %jmp/1 T_0.15, 6;
    %pushi/vec4 0, 0, 1;
    %store/vec4 v0x562daf5379e0_0, 0, 1;
    %pushi/vec4 0, 0, 1;
    %store/vec4 v0x562daf537aa0_0, 0, 1;
    %pushi/vec4 0, 0, 1;
    %store/vec4 v0x562daf537b40_0, 0, 1;
    %pushi/vec4 0, 0, 1;
    %store/vec4 v0x562daf537c00_0, 0, 1;
    %pushi/vec4 0, 0, 1;
    %store/vec4 v0x562daf537da0_0, 0, 1;
    %pushi/vec4 0, 0, 1;
    %store/vec4 v0x562daf537f20_0, 0, 1;
    %pushi/vec4 0, 0, 1;
    %store/vec4 v0x562daf538070_0, 0, 1;
    %jmp T_0.17;
T_0.0 ;
    %pushi/vec4 1, 0, 1;
    %store/vec4 v0x562daf5379e0_0, 0, 1;
    %pushi/vec4 1, 0, 1;
    %store/vec4 v0x562daf537aa0_0, 0, 1;
    %pushi/vec4 1, 0, 1;
    %store/vec4 v0x562daf537b40_0, 0, 1;
    %pushi/vec4 0, 0, 1;
    %store/vec4 v0x562daf537c00_0, 0, 1;
    %pushi/vec4 1, 0, 1;
    %store/vec4 v0x562daf537da0_0, 0, 1;
    %pushi/vec4 1, 0, 1;
    %store/vec4 v0x562daf537f20_0, 0, 1;
    %pushi/vec4 1, 0, 1;
    %store/vec4 v0x562daf538070_0, 0, 1;
    %jmp T_0.17;
T_0.1 ;
    %pushi/vec4 0, 0, 1;
    %store/vec4 v0x562daf5379e0_0, 0, 1;
    %pushi/vec4 0, 0, 1;
    %store/vec4 v0x562daf537aa0_0, 0, 1;
    %pushi/vec4 1, 0, 1;
    %store/vec4 v0x562daf537b40_0, 0, 1;
    %pushi/vec4 0, 0, 1;
    %store/vec4 v0x562daf537c00_0, 0, 1;
    %pushi/vec4 0, 0, 1;
    %store/vec4 v0x562daf537da0_0, 0, 1;
    %pushi/vec4 1, 0, 1;
    %store/vec4 v0x562daf537f20_0, 0, 1;
    %pushi/vec4 0, 0, 1;
    %store/vec4 v0x562daf538070_0, 0, 1;
    %jmp T_0.17;
T_0.2 ;
    %pushi/vec4 1, 0, 1;
    %store/vec4 v0x562daf5379e0_0, 0, 1;
    %pushi/vec4 0, 0, 1;
    %store/vec4 v0x562daf537aa0_0, 0, 1;
    %pushi/vec4 1, 0, 1;
    %store/vec4 v0x562daf537b40_0, 0, 1;
    %pushi/vec4 1, 0, 1;
    %store/vec4 v0x562daf537c00_0, 0, 1;
    %pushi/vec4 1, 0, 1;
    %store/vec4 v0x562daf537da0_0, 0, 1;
    %pushi/vec4 0, 0, 1;
    %store/vec4 v0x562daf537f20_0, 0, 1;
    %pushi/vec4 1, 0, 1;
    %store/vec4 v0x562daf538070_0, 0, 1;
    %jmp T_0.17;
T_0.3 ;
    %pushi/vec4 1, 0, 1;
    %store/vec4 v0x562daf5379e0_0, 0, 1;
    %pushi/vec4 0, 0, 1;
    %store/vec4 v0x562daf537aa0_0, 0, 1;
    %pushi/vec4 1, 0, 1;
    %store/vec4 v0x562daf537b40_0, 0, 1;
    %pushi/vec4 1, 0, 1;
    %store/vec4 v0x562daf537c00_0, 0, 1;
    %pushi/vec4 0, 0, 1;
    %store/vec4 v0x562daf537da0_0, 0, 1;
    %pushi/vec4 1, 0, 1;
    %store/vec4 v0x562daf537f20_0, 0, 1;
    %pushi/vec4 1, 0, 1;
    %store/vec4 v0x562daf538070_0, 0, 1;
    %jmp T_0.17;
T_0.4 ;
    %pushi/vec4 0, 0, 1;
    %store/vec4 v0x562daf5379e0_0, 0, 1;
    %pushi/vec4 1, 0, 1;
    %store/vec4 v0x562daf537aa0_0, 0, 1;
    %pushi/vec4 1, 0, 1;
    %store/vec4 v0x562daf537b40_0, 0, 1;
    %pushi/vec4 1, 0, 1;
    %store/vec4 v0x562daf537c00_0, 0, 1;
    %pushi/vec4 0, 0, 1;
    %store/vec4 v0x562daf537da0_0, 0, 1;
    %pushi/vec4 1, 0, 1;
    %store/vec4 v0x562daf537f20_0, 0, 1;
    %pushi/vec4 0, 0, 1;
    %store/vec4 v0x562daf538070_0, 0, 1;
    %jmp T_0.17;
T_0.5 ;
    %pushi/vec4 1, 0, 1;
    %store/vec4 v0x562daf5379e0_0, 0, 1;
    %pushi/vec4 1, 0, 1;
    %store/vec4 v0x562daf537aa0_0, 0, 1;
    %pushi/vec4 0, 0, 1;
    %store/vec4 v0x562daf537b40_0, 0, 1;
    %pushi/vec4 1, 0, 1;
    %store/vec4 v0x562daf537c00_0, 0, 1;
    %pushi/vec4 0, 0, 1;
    %store/vec4 v0x562daf537da0_0, 0, 1;
    %pushi/vec4 1, 0, 1;
    %store/vec4 v0x562daf537f20_0, 0, 1;
    %pushi/vec4 1, 0, 1;
    %store/vec4 v0x562daf538070_0, 0, 1;
    %jmp T_0.17;
T_0.6 ;
    %pushi/vec4 1, 0, 1;
    %store/vec4 v0x562daf5379e0_0, 0, 1;
    %pushi/vec4 1, 0, 1;
    %store/vec4 v0x562daf537aa0_0, 0, 1;
    %pushi/vec4 0, 0, 1;
    %store/vec4 v0x562daf537b40_0, 0, 1;
    %pushi/vec4 1, 0, 1;
    %store/vec4 v0x562daf537c00_0, 0, 1;
    %pushi/vec4 1, 0, 1;
    %store/vec4 v0x562daf537da0_0, 0, 1;
    %pushi/vec4 1, 0, 1;
    %store/vec4 v0x562daf537f20_0, 0, 1;
    %pushi/vec4 1, 0, 1;
    %store/vec4 v0x562daf538070_0, 0, 1;
    %jmp T_0.17;
T_0.7 ;
    %pushi/vec4 1, 0, 1;
    %store/vec4 v0x562daf5379e0_0, 0, 1;
    %pushi/vec4 0, 0, 1;
    %store/vec4 v0x562daf537aa0_0, 0, 1;
    %pushi/vec4 1, 0, 1;
    %store/vec4 v0x562daf537b40_0, 0, 1;
    %pushi/vec4 0, 0, 1;
    %store/vec4 v0x562daf537c00_0, 0, 1;
    %pushi/vec4 0, 0, 1;
    %store/vec4 v0x562daf537da0_0, 0, 1;
    %pushi/vec4 1, 0, 1;
    %store/vec4 v0x562daf537f20_0, 0, 1;
    %pushi/vec4 0, 0, 1;
    %store/vec4 v0x562daf538070_0, 0, 1;
    %jmp T_0.17;
T_0.8 ;
    %pushi/vec4 1, 0, 1;
    %store/vec4 v0x562daf5379e0_0, 0, 1;
    %pushi/vec4 1, 0, 1;
    %store/vec4 v0x562daf537aa0_0, 0, 1;
    %pushi/vec4 1, 0, 1;
    %store/vec4 v0x562daf537b40_0, 0, 1;
    %pushi/vec4 1, 0, 1;
    %store/vec4 v0x562daf537c00_0, 0, 1;
    %pushi/vec4 1, 0, 1;
    %store/vec4 v0x562daf537da0_0, 0, 1;
    %pushi/vec4 1, 0, 1;
    %store/vec4 v0x562daf537f20_0, 0, 1;
    %pushi/vec4 1, 0, 1;
    %store/vec4 v0x562daf538070_0, 0, 1;
    %jmp T_0.17;
T_0.9 ;
    %pushi/vec4 1, 0, 1;
    %store/vec4 v0x562daf5379e0_0, 0, 1;
    %pushi/vec4 1, 0, 1;
    %store/vec4 v0x562daf537aa0_0, 0, 1;
    %pushi/vec4 1, 0, 1;
    %store/vec4 v0x562daf537b40_0, 0, 1;
    %pushi/vec4 1, 0, 1;
    %store/vec4 v0x562daf537c00_0, 0, 1;
    %pushi/vec4 0, 0, 1;
    %store/vec4 v0x562daf537da0_0, 0, 1;
    %pushi/vec4 1, 0, 1;
    %store/vec4 v0x562daf537f20_0, 0, 1;
    %pushi/vec4 1, 0, 1;
    %store/vec4 v0x562daf538070_0, 0, 1;
    %jmp T_0.17;
T_0.10 ;
    %pushi/vec4 1, 0, 1;
    %store/vec4 v0x562daf5379e0_0, 0, 1;
    %pushi/vec4 1, 0, 1;
    %store/vec4 v0x562daf537aa0_0, 0, 1;
    %pushi/vec4 1, 0, 1;
    %store/vec4 v0x562daf537b40_0, 0, 1;
    %pushi/vec4 1, 0, 1;
    %store/vec4 v0x562daf537c00_0, 0, 1;
    %pushi/vec4 1, 0, 1;
    %store/vec4 v0x562daf537da0_0, 0, 1;
    %pushi/vec4 1, 0, 1;
    %store/vec4 v0x562daf537f20_0, 0, 1;
    %pushi/vec4 0, 0, 1;
    %store/vec4 v0x562daf538070_0, 0, 1;
    %jmp T_0.17;
T_0.11 ;
    %pushi/vec4 0, 0, 1;
    %store/vec4 v0x562daf5379e0_0, 0, 1;
    %pushi/vec4 1, 0, 1;
    %store/vec4 v0x562daf537aa0_0, 0, 1;
    %pushi/vec4 0, 0, 1;
    %store/vec4 v0x562daf537b40_0, 0, 1;
    %pushi/vec4 1, 0, 1;
    %store/vec4 v0x562daf537c00_0, 0, 1;
    %pushi/vec4 1, 0, 1;
    %store/vec4 v0x562daf537da0_0, 0, 1;
    %pushi/vec4 1, 0, 1;
    %store/vec4 v0x562daf537f20_0, 0, 1;
    %pushi/vec4 1, 0, 1;
    %store/vec4 v0x562daf538070_0, 0, 1;
    %jmp T_0.17;
T_0.12 ;
    %pushi/vec4 1, 0, 1;
    %store/vec4 v0x562daf5379e0_0, 0, 1;
    %pushi/vec4 1, 0, 1;
    %store/vec4 v0x562daf537aa0_0, 0, 1;
    %pushi/vec4 0, 0, 1;
    %store/vec4 v0x562daf537b40_0, 0, 1;
    %pushi/vec4 0, 0, 1;
    %store/vec4 v0x562daf537c00_0, 0, 1;
    %pushi/vec4 1, 0, 1;
    %store/vec4 v0x562daf537da0_0, 0, 1;
    %pushi/vec4 0, 0, 1;
    %store/vec4 v0x562daf537f20_0, 0, 1;
    %pushi/vec4 1, 0, 1;
    %store/vec4 v0x562daf538070_0, 0, 1;
    %jmp T_0.17;
T_0.13 ;
    %pushi/vec4 0, 0, 1;
    %store/vec4 v0x562daf5379e0_0, 0, 1;
    %pushi/vec4 0, 0, 1;
    %store/vec4 v0x562daf537aa0_0, 0, 1;
    %pushi/vec4 1, 0, 1;
    %store/vec4 v0x562daf537b40_0, 0, 1;
    %pushi/vec4 1, 0, 1;
    %store/vec4 v0x562daf537c00_0, 0, 1;
    %pushi/vec4 1, 0, 1;
    %store/vec4 v0x562daf537da0_0, 0, 1;
    %pushi/vec4 1, 0, 1;
    %store/vec4 v0x562daf537f20_0, 0, 1;
    %pushi/vec4 1, 0, 1;
    %store/vec4 v0x562daf538070_0, 0, 1;
    %jmp T_0.17;
T_0.14 ;
    %pushi/vec4 1, 0, 1;
    %store/vec4 v0x562daf5379e0_0, 0, 1;
    %pushi/vec4 1, 0, 1;
    %store/vec4 v0x562daf537aa0_0, 0, 1;
    %pushi/vec4 0, 0, 1;
    %store/vec4 v0x562daf537b40_0, 0, 1;
    %pushi/vec4 1, 0, 1;
    %store/vec4 v0x562daf537c00_0, 0, 1;
    %pushi/vec4 1, 0, 1;
    %store/vec4 v0x562daf537da0_0, 0, 1;
    %pushi/vec4 0, 0, 1;
    %store/vec4 v0x562daf537f20_0, 0, 1;
    %pushi/vec4 1, 0, 1;
    %store/vec4 v0x562daf538070_0, 0, 1;
    %jmp T_0.17;
T_0.15 ;
    %pushi/vec4 1, 0, 1;
    %store/vec4 v0x562daf5379e0_0, 0, 1;
    %pushi/vec4 1, 0, 1;
    %store/vec4 v0x562daf537aa0_0, 0, 1;
    %pushi/vec4 0, 0, 1;
    %store/vec4 v0x562daf537b40_0, 0, 1;
    %pushi/vec4 1, 0, 1;
    %store/vec4 v0x562daf537c00_0, 0, 1;
    %pushi/vec4 1, 0, 1;
    %store/vec4 v0x562daf537da0_0, 0, 1;
    %pushi/vec4 0, 0, 1;
    %store/vec4 v0x562daf537f20_0, 0, 1;
    %pushi/vec4 0, 0, 1;
    %store/vec4 v0x562daf538070_0, 0, 1;
    %jmp T_0.17;
T_0.17 ;
    %pop/vec4 1;
    %jmp T_0;
    .thread T_0, $push;
# The file index is used to find the file name in the following table.
:file_names 3;
    "N/A";
    "<interactive>";
    "/home/incredibleradioman/repos/DigitalSynthLessons/panchul/unit3/sevenseg_dec_one_digit/sevenseg_dec_one_digit.sv";
