#! /usr/bin/vvp
:ivl_version "10.3 (stable)";
:ivl_delay_selection "TYPICAL";
:vpi_time_precision + 0;
:vpi_module "system";
:vpi_module "vhdl_sys";
:vpi_module "v2005_math";
:vpi_module "va_math";
S_0x560801864090 .scope module, "dec_if" "dec_if" 2 1;
 .timescale 0 0;
    .port_info 0 /INPUT 4 "binary_in"
    .port_info 1 /OUTPUT 16 "decoder_out"
    .port_info 2 /INPUT 1 "enable"
o0x7fb89a28e018 .functor BUFZ 4, C4<zzzz>; HiZ drive
v0x560801864260_0 .net "binary_in", 3 0, o0x7fb89a28e018;  0 drivers
v0x5608018acb80_0 .var "decoder_out", 15 0;
o0x7fb89a28e078 .functor BUFZ 1, C4<z>; HiZ drive
v0x5608018acc60_0 .net "enable", 0 0, o0x7fb89a28e078;  0 drivers
E_0x5608018994f0 .event edge, v0x5608018acc60_0, v0x560801864260_0;
    .scope S_0x560801864090;
T_0 ;
    %wait E_0x5608018994f0;
    %pushi/vec4 0, 0, 16;
    %store/vec4 v0x5608018acb80_0, 0, 16;
    %load/vec4 v0x5608018acc60_0;
    %flag_set/vec4 8;
    %jmp/0xz  T_0.0, 8;
    %load/vec4 v0x560801864260_0;
    %cmpi/e 0, 0, 4;
    %jmp/0xz  T_0.2, 4;
    %pushi/vec4 1, 0, 16;
    %store/vec4 v0x5608018acb80_0, 0, 16;
    %jmp T_0.3;
T_0.2 ;
    %load/vec4 v0x560801864260_0;
    %cmpi/e 1, 0, 4;
    %jmp/0xz  T_0.4, 4;
    %pushi/vec4 2, 0, 16;
    %store/vec4 v0x5608018acb80_0, 0, 16;
    %jmp T_0.5;
T_0.4 ;
    %load/vec4 v0x560801864260_0;
    %cmpi/e 2, 0, 4;
    %jmp/0xz  T_0.6, 4;
    %pushi/vec4 4, 0, 16;
    %store/vec4 v0x5608018acb80_0, 0, 16;
    %jmp T_0.7;
T_0.6 ;
    %load/vec4 v0x560801864260_0;
    %cmpi/e 3, 0, 4;
    %jmp/0xz  T_0.8, 4;
    %pushi/vec4 8, 0, 16;
    %store/vec4 v0x5608018acb80_0, 0, 16;
    %jmp T_0.9;
T_0.8 ;
    %load/vec4 v0x560801864260_0;
    %cmpi/e 4, 0, 4;
    %jmp/0xz  T_0.10, 4;
    %pushi/vec4 16, 0, 16;
    %store/vec4 v0x5608018acb80_0, 0, 16;
    %jmp T_0.11;
T_0.10 ;
    %load/vec4 v0x560801864260_0;
    %cmpi/e 5, 0, 4;
    %jmp/0xz  T_0.12, 4;
    %pushi/vec4 32, 0, 16;
    %store/vec4 v0x5608018acb80_0, 0, 16;
    %jmp T_0.13;
T_0.12 ;
    %load/vec4 v0x560801864260_0;
    %cmpi/e 6, 0, 4;
    %jmp/0xz  T_0.14, 4;
    %pushi/vec4 64, 0, 16;
    %store/vec4 v0x5608018acb80_0, 0, 16;
    %jmp T_0.15;
T_0.14 ;
    %load/vec4 v0x560801864260_0;
    %cmpi/e 7, 0, 4;
    %jmp/0xz  T_0.16, 4;
    %pushi/vec4 128, 0, 16;
    %store/vec4 v0x5608018acb80_0, 0, 16;
    %jmp T_0.17;
T_0.16 ;
    %load/vec4 v0x560801864260_0;
    %cmpi/e 8, 0, 4;
    %jmp/0xz  T_0.18, 4;
    %pushi/vec4 256, 0, 16;
    %store/vec4 v0x5608018acb80_0, 0, 16;
    %jmp T_0.19;
T_0.18 ;
    %load/vec4 v0x560801864260_0;
    %cmpi/e 9, 0, 4;
    %jmp/0xz  T_0.20, 4;
    %pushi/vec4 512, 0, 16;
    %store/vec4 v0x5608018acb80_0, 0, 16;
    %jmp T_0.21;
T_0.20 ;
    %load/vec4 v0x560801864260_0;
    %cmpi/e 10, 0, 4;
    %jmp/0xz  T_0.22, 4;
    %pushi/vec4 1024, 0, 16;
    %store/vec4 v0x5608018acb80_0, 0, 16;
    %jmp T_0.23;
T_0.22 ;
    %load/vec4 v0x560801864260_0;
    %cmpi/e 11, 0, 4;
    %jmp/0xz  T_0.24, 4;
    %pushi/vec4 2048, 0, 16;
    %store/vec4 v0x5608018acb80_0, 0, 16;
    %jmp T_0.25;
T_0.24 ;
    %load/vec4 v0x560801864260_0;
    %cmpi/e 12, 0, 4;
    %jmp/0xz  T_0.26, 4;
    %pushi/vec4 4096, 0, 16;
    %store/vec4 v0x5608018acb80_0, 0, 16;
    %jmp T_0.27;
T_0.26 ;
    %load/vec4 v0x560801864260_0;
    %cmpi/e 13, 0, 4;
    %jmp/0xz  T_0.28, 4;
    %pushi/vec4 8192, 0, 16;
    %store/vec4 v0x5608018acb80_0, 0, 16;
    %jmp T_0.29;
T_0.28 ;
    %load/vec4 v0x560801864260_0;
    %cmpi/e 14, 0, 4;
    %jmp/0xz  T_0.30, 4;
    %pushi/vec4 16384, 0, 16;
    %store/vec4 v0x5608018acb80_0, 0, 16;
    %jmp T_0.31;
T_0.30 ;
    %load/vec4 v0x560801864260_0;
    %cmpi/e 15, 0, 4;
    %jmp/0xz  T_0.32, 4;
    %pushi/vec4 32768, 0, 16;
    %store/vec4 v0x5608018acb80_0, 0, 16;
T_0.32 ;
T_0.31 ;
T_0.29 ;
T_0.27 ;
T_0.25 ;
T_0.23 ;
T_0.21 ;
T_0.19 ;
T_0.17 ;
T_0.15 ;
T_0.13 ;
T_0.11 ;
T_0.9 ;
T_0.7 ;
T_0.5 ;
T_0.3 ;
T_0.0 ;
    %jmp T_0;
    .thread T_0, $push;
# The file index is used to find the file name in the following table.
:file_names 3;
    "N/A";
    "<interactive>";
    "/home/incredibleradioman/repos/DigitalSynthLessons/panchul/unit3/dec_if/dec_if.sv";
