#! /usr/bin/vvp
:ivl_version "10.3 (stable)";
:ivl_delay_selection "TYPICAL";
:vpi_time_precision + 0;
:vpi_module "system";
:vpi_module "vhdl_sys";
:vpi_module "v2005_math";
:vpi_module "va_math";
S_0x5599898c6130 .scope module, "d_latch" "d_latch" 2 14;
 .timescale 0 0;
    .port_info 0 /INPUT 1 "clk"
    .port_info 1 /INPUT 1 "d"
    .port_info 2 /OUTPUT 1 "q"
    .port_info 3 /OUTPUT 1 "q_n"
o0x7fbba31d5258 .functor BUFZ 1, C4<z>; HiZ drive
L_0x55998990cc00 .functor NOT 1, o0x7fbba31d5258, C4<0>, C4<0>, C4<0>;
o0x7fbba31d5228 .functor BUFZ 1, C4<z>; HiZ drive
L_0x55998990ccc0 .functor AND 1, L_0x55998990cc00, o0x7fbba31d5228, C4<1>, C4<1>;
L_0x55998990cdd0 .functor AND 1, o0x7fbba31d5258, o0x7fbba31d5228, C4<1>, C4<1>;
v0x55998990c670_0 .net *"_s0", 0 0, L_0x55998990cc00;  1 drivers
v0x55998990c770_0 .net "clk", 0 0, o0x7fbba31d5228;  0 drivers
v0x55998990c830_0 .net "d", 0 0, o0x7fbba31d5258;  0 drivers
v0x55998990c8d0_0 .net "q", 0 0, L_0x55998990d010;  1 drivers
v0x55998990c970_0 .net "q_n", 0 0, L_0x55998990d1d0;  1 drivers
v0x55998990ca60_0 .net "r", 0 0, L_0x55998990ccc0;  1 drivers
v0x55998990cb00_0 .net "s", 0 0, L_0x55998990cdd0;  1 drivers
S_0x5599898c6320 .scope module, "sr_latch" "sr_latch" 2 25, 2 2 0, S_0x5599898c6130;
 .timescale 0 0;
    .port_info 0 /INPUT 1 "s"
    .port_info 1 /INPUT 1 "r"
    .port_info 2 /OUTPUT 1 "q"
    .port_info 3 /OUTPUT 1 "q_n"
L_0x55998990cf30 .functor OR 1, L_0x55998990ccc0, L_0x55998990d1d0, C4<0>, C4<0>;
L_0x55998990d010 .functor NOT 1, L_0x55998990cf30, C4<0>, C4<0>, C4<0>;
L_0x55998990d140 .functor OR 1, L_0x55998990cdd0, L_0x55998990d010, C4<0>, C4<0>;
L_0x55998990d1d0 .functor NOT 1, L_0x55998990d140, C4<0>, C4<0>, C4<0>;
v0x5599898fbc70_0 .net *"_s0", 0 0, L_0x55998990cf30;  1 drivers
v0x55998990c1e0_0 .net *"_s4", 0 0, L_0x55998990d140;  1 drivers
v0x55998990c2c0_0 .net "q", 0 0, L_0x55998990d010;  alias, 1 drivers
v0x55998990c360_0 .net "q_n", 0 0, L_0x55998990d1d0;  alias, 1 drivers
v0x55998990c420_0 .net "r", 0 0, L_0x55998990ccc0;  alias, 1 drivers
v0x55998990c530_0 .net "s", 0 0, L_0x55998990cdd0;  alias, 1 drivers
# The file index is used to find the file name in the following table.
:file_names 3;
    "N/A";
    "<interactive>";
    "/home/incredibleradioman/repos/DigitalSynthLessons/panchul/unit2/d_latch/d_latch.sv";
