#! /usr/bin/vvp
:ivl_version "10.3 (stable)";
:ivl_delay_selection "TYPICAL";
:vpi_time_precision + 0;
:vpi_module "system";
:vpi_module "vhdl_sys";
:vpi_module "v2005_math";
:vpi_module "va_math";
S_0x55c2cbbf9130 .scope module, "d_latch" "d_latch" 2 14;
 .timescale 0 0;
    .port_info 0 /INPUT 1 "clk"
    .port_info 1 /INPUT 1 "d"
    .port_info 2 /OUTPUT 1 "q"
    .port_info 3 /OUTPUT 1 "q_n"
o0x7ff7c3d98258 .functor BUFZ 1, C4<z>; HiZ drive
L_0x55c2cbc3fc00 .functor NOT 1, o0x7ff7c3d98258, C4<0>, C4<0>, C4<0>;
o0x7ff7c3d98228 .functor BUFZ 1, C4<z>; HiZ drive
L_0x55c2cbc3fcc0 .functor AND 1, L_0x55c2cbc3fc00, o0x7ff7c3d98228, C4<1>, C4<1>;
L_0x55c2cbc3fdd0 .functor AND 1, o0x7ff7c3d98258, o0x7ff7c3d98228, C4<1>, C4<1>;
v0x55c2cbc3f670_0 .net *"_s0", 0 0, L_0x55c2cbc3fc00;  1 drivers
v0x55c2cbc3f770_0 .net "clk", 0 0, o0x7ff7c3d98228;  0 drivers
v0x55c2cbc3f830_0 .net "d", 0 0, o0x7ff7c3d98258;  0 drivers
v0x55c2cbc3f8d0_0 .net "q", 0 0, L_0x55c2cbc40010;  1 drivers
v0x55c2cbc3f970_0 .net "q_n", 0 0, L_0x55c2cbc401d0;  1 drivers
v0x55c2cbc3fa60_0 .net "r", 0 0, L_0x55c2cbc3fcc0;  1 drivers
v0x55c2cbc3fb00_0 .net "s", 0 0, L_0x55c2cbc3fdd0;  1 drivers
S_0x55c2cbbf9320 .scope module, "sr_latch" "sr_latch" 2 25, 2 2 0, S_0x55c2cbbf9130;
 .timescale 0 0;
    .port_info 0 /INPUT 1 "s"
    .port_info 1 /INPUT 1 "r"
    .port_info 2 /OUTPUT 1 "q"
    .port_info 3 /OUTPUT 1 "q_n"
L_0x55c2cbc3ff30 .functor OR 1, L_0x55c2cbc3fcc0, L_0x55c2cbc401d0, C4<0>, C4<0>;
L_0x55c2cbc40010 .functor NOT 1, L_0x55c2cbc3ff30, C4<0>, C4<0>, C4<0>;
L_0x55c2cbc40140 .functor OR 1, L_0x55c2cbc3fdd0, L_0x55c2cbc40010, C4<0>, C4<0>;
L_0x55c2cbc401d0 .functor NOT 1, L_0x55c2cbc40140, C4<0>, C4<0>, C4<0>;
v0x55c2cbc2ec70_0 .net *"_s0", 0 0, L_0x55c2cbc3ff30;  1 drivers
v0x55c2cbc3f1e0_0 .net *"_s4", 0 0, L_0x55c2cbc40140;  1 drivers
v0x55c2cbc3f2c0_0 .net "q", 0 0, L_0x55c2cbc40010;  alias, 1 drivers
v0x55c2cbc3f360_0 .net "q_n", 0 0, L_0x55c2cbc401d0;  alias, 1 drivers
v0x55c2cbc3f420_0 .net "r", 0 0, L_0x55c2cbc3fcc0;  alias, 1 drivers
v0x55c2cbc3f530_0 .net "s", 0 0, L_0x55c2cbc3fdd0;  alias, 1 drivers
# The file index is used to find the file name in the following table.
:file_names 3;
    "N/A";
    "<interactive>";
    "/home/incredibleradioman/repos/DigitalSynthLessons/panchul/unit2/d_latch/d_latch.sv";
