#! /usr/bin/vvp
:ivl_version "10.3 (stable)";
:ivl_delay_selection "TYPICAL";
:vpi_time_precision + 0;
:vpi_module "system";
:vpi_module "vhdl_sys";
:vpi_module "v2005_math";
:vpi_module "va_math";
S_0x55a00ca2c240 .scope module, "sevenseg_dual_indicator" "sevenseg_dual_indicator" 2 158;
 .timescale 0 0;
    .port_info 0 /INPUT 7 "decoder_in"
    .port_info 1 /OUTPUT 1 "a0"
    .port_info 2 /OUTPUT 1 "b0"
    .port_info 3 /OUTPUT 1 "c0"
    .port_info 4 /OUTPUT 1 "d0"
    .port_info 5 /OUTPUT 1 "e0"
    .port_info 6 /OUTPUT 1 "f0"
    .port_info 7 /OUTPUT 1 "g0"
    .port_info 8 /OUTPUT 1 "a1"
    .port_info 9 /OUTPUT 1 "b1"
    .port_info 10 /OUTPUT 1 "c1"
    .port_info 11 /OUTPUT 1 "d1"
    .port_info 12 /OUTPUT 1 "e1"
    .port_info 13 /OUTPUT 1 "f1"
    .port_info 14 /OUTPUT 1 "g1"
    .port_info 15 /INPUT 1 "enable"
v0x55a00ca61720_0 .net "a0", 0 0, v0x55a00ca60da0_0;  1 drivers
v0x55a00ca61810_0 .net "a1", 0 0, v0x55a00ca60070_0;  1 drivers
v0x55a00ca618e0_0 .net "b0", 0 0, v0x55a00ca60e60_0;  1 drivers
v0x55a00ca619e0_0 .net "b1", 0 0, v0x55a00ca60130_0;  1 drivers
v0x55a00ca61ab0_0 .net "c0", 0 0, v0x55a00ca60f30_0;  1 drivers
v0x55a00ca61b50_0 .net "c1", 0 0, v0x55a00ca601d0_0;  1 drivers
v0x55a00ca61c20_0 .net "d0", 0 0, v0x55a00ca60ff0_0;  1 drivers
v0x55a00ca61cf0_0 .net "d1", 0 0, v0x55a00ca60290_0;  1 drivers
o0x7f68ddb1e048 .functor BUFZ 7, C4<zzzzzzz>; HiZ drive
v0x55a00ca61dc0_0 .net "decoder_in", 6 0, o0x7f68ddb1e048;  0 drivers
v0x55a00ca61f20_0 .net "e0", 0 0, v0x55a00ca611c0_0;  1 drivers
v0x55a00ca61ff0_0 .net "e1", 0 0, v0x55a00ca60460_0;  1 drivers
o0x7f68ddb1e2b8 .functor BUFZ 1, C4<z>; HiZ drive
v0x55a00ca620c0_0 .net "enable", 0 0, o0x7f68ddb1e2b8;  0 drivers
v0x55a00ca62160_0 .net "f0", 0 0, v0x55a00ca61330_0;  1 drivers
v0x55a00ca62200_0 .net "f1", 0 0, v0x55a00ca605c0_0;  1 drivers
v0x55a00ca622d0_0 .net "g0", 0 0, v0x55a00ca61460_0;  1 drivers
v0x55a00ca623a0_0 .net "g1", 0 0, v0x55a00ca60710_0;  1 drivers
v0x55a00ca62470_0 .net "ones", 3 0, L_0x55a00ca62860;  1 drivers
v0x55a00ca62670_0 .net "tens", 3 0, L_0x55a00ca627c0;  1 drivers
S_0x55a00ca2f860 .scope module, "converter" "hex_to_bindecs" 2 183, 2 1 0, S_0x55a00ca2c240;
 .timescale 0 0;
    .port_info 0 /INPUT 7 "in_data"
    .port_info 1 /OUTPUT 4 "tens"
    .port_info 2 /OUTPUT 4 "ones"
v0x55a00ca2fa30_0 .var/i "i", 31 0;
v0x55a00ca5f820_0 .net "in_data", 6 0, o0x7f68ddb1e048;  alias, 0 drivers
v0x55a00ca5f900_0 .var "keeper", 14 0;
v0x55a00ca5f9c0_0 .net "ones", 3 0, L_0x55a00ca62860;  alias, 1 drivers
v0x55a00ca5faa0_0 .net "tens", 3 0, L_0x55a00ca627c0;  alias, 1 drivers
E_0x55a00c9f78b0 .event edge, v0x55a00ca5f820_0, v0x55a00ca2fa30_0, v0x55a00ca5f900_0;
L_0x55a00ca627c0 .part v0x55a00ca5f900_0, 11, 4;
L_0x55a00ca62860 .part v0x55a00ca5f900_0, 7, 4;
S_0x55a00ca5fc50 .scope module, "ones_digit" "sevenseg_dec_one_digit" 2 202, 2 33 0, S_0x55a00ca2c240;
 .timescale 0 0;
    .port_info 0 /INPUT 4 "decoder_in"
    .port_info 1 /OUTPUT 1 "a"
    .port_info 2 /OUTPUT 1 "b"
    .port_info 3 /OUTPUT 1 "c"
    .port_info 4 /OUTPUT 1 "d"
    .port_info 5 /OUTPUT 1 "e"
    .port_info 6 /OUTPUT 1 "f"
    .port_info 7 /OUTPUT 1 "g"
    .port_info 8 /INPUT 1 "enable"
L_0x55a00ca62aa0 .functor NOT 1, o0x7f68ddb1e2b8, C4<0>, C4<0>, C4<0>;
v0x55a00ca5ff70_0 .net *"_s0", 0 0, L_0x55a00ca62aa0;  1 drivers
v0x55a00ca60070_0 .var "a", 0 0;
v0x55a00ca60130_0 .var "b", 0 0;
v0x55a00ca601d0_0 .var "c", 0 0;
v0x55a00ca60290_0 .var "d", 0 0;
v0x55a00ca603a0_0 .net "decoder_in", 3 0, L_0x55a00ca62860;  alias, 1 drivers
v0x55a00ca60460_0 .var "e", 0 0;
v0x55a00ca60500_0 .net "enable", 0 0, o0x7f68ddb1e2b8;  alias, 0 drivers
v0x55a00ca605c0_0 .var "f", 0 0;
v0x55a00ca60710_0 .var "g", 0 0;
v0x55a00ca607d0_0 .net "sel", 4 0, L_0x55a00ca62bc0;  1 drivers
E_0x55a00ca2cc10 .event edge, v0x55a00ca607d0_0;
L_0x55a00ca62bc0 .concat [ 4 1 0 0], L_0x55a00ca62860, L_0x55a00ca62aa0;
S_0x55a00ca609d0 .scope module, "tens_digit" "sevenseg_dec_one_digit" 2 189, 2 33 0, S_0x55a00ca2c240;
 .timescale 0 0;
    .port_info 0 /INPUT 4 "decoder_in"
    .port_info 1 /OUTPUT 1 "a"
    .port_info 2 /OUTPUT 1 "b"
    .port_info 3 /OUTPUT 1 "c"
    .port_info 4 /OUTPUT 1 "d"
    .port_info 5 /OUTPUT 1 "e"
    .port_info 6 /OUTPUT 1 "f"
    .port_info 7 /OUTPUT 1 "g"
    .port_info 8 /INPUT 1 "enable"
L_0x55a00ca62950 .functor NOT 1, o0x7f68ddb1e2b8, C4<0>, C4<0>, C4<0>;
v0x55a00ca60ca0_0 .net *"_s0", 0 0, L_0x55a00ca62950;  1 drivers
v0x55a00ca60da0_0 .var "a", 0 0;
v0x55a00ca60e60_0 .var "b", 0 0;
v0x55a00ca60f30_0 .var "c", 0 0;
v0x55a00ca60ff0_0 .var "d", 0 0;
v0x55a00ca61100_0 .net "decoder_in", 3 0, L_0x55a00ca627c0;  alias, 1 drivers
v0x55a00ca611c0_0 .var "e", 0 0;
v0x55a00ca61260_0 .net "enable", 0 0, o0x7f68ddb1e2b8;  alias, 0 drivers
v0x55a00ca61330_0 .var "f", 0 0;
v0x55a00ca61460_0 .var "g", 0 0;
v0x55a00ca61520_0 .net "sel", 4 0, L_0x55a00ca629e0;  1 drivers
E_0x55a00ca2c970 .event edge, v0x55a00ca61520_0;
L_0x55a00ca629e0 .concat [ 4 1 0 0], L_0x55a00ca627c0, L_0x55a00ca62950;
    .scope S_0x55a00ca2f860;
T_0 ;
    %wait E_0x55a00c9f78b0;
    %pushi/vec4 0, 0, 8;
    %load/vec4 v0x55a00ca5f820_0;
    %concat/vec4; draw_concat_vec4
    %store/vec4 v0x55a00ca5f900_0, 0, 15;
    %pushi/vec4 0, 0, 32;
    %store/vec4 v0x55a00ca2fa30_0, 0, 32;
T_0.0 ;
    %load/vec4 v0x55a00ca2fa30_0;
    %cmpi/s 7, 0, 32;
    %jmp/0xz T_0.1, 5;
    %pushi/vec4 5, 0, 32;
    %load/vec4 v0x55a00ca5f900_0;
    %parti/s 4, 7, 4;
    %pad/u 32;
    %cmp/u;
    %flag_or 5, 4;
    %jmp/0xz  T_0.2, 5;
    %load/vec4 v0x55a00ca5f900_0;
    %parti/s 4, 7, 4;
    %addi 3, 0, 4;
    %ix/load 4, 7, 0;
    %flag_set/imm 4, 0;
    %store/vec4 v0x55a00ca5f900_0, 4, 4;
T_0.2 ;
    %pushi/vec4 5, 0, 32;
    %load/vec4 v0x55a00ca5f900_0;
    %parti/s 4, 11, 5;
    %pad/u 32;
    %cmp/u;
    %flag_or 5, 4;
    %jmp/0xz  T_0.4, 5;
    %load/vec4 v0x55a00ca5f900_0;
    %parti/s 4, 11, 5;
    %addi 3, 0, 4;
    %ix/load 4, 11, 0;
    %flag_set/imm 4, 0;
    %store/vec4 v0x55a00ca5f900_0, 4, 4;
T_0.4 ;
    %load/vec4 v0x55a00ca5f900_0;
    %ix/load 4, 1, 0;
    %flag_set/imm 4, 0;
    %shiftl 4;
    %store/vec4 v0x55a00ca5f900_0, 0, 15;
    %load/vec4 v0x55a00ca2fa30_0;
    %pushi/vec4 1, 0, 32;
    %add;
    %store/vec4 v0x55a00ca2fa30_0, 0, 32;
    %jmp T_0.0;
T_0.1 ;
    %jmp T_0;
    .thread T_0, $push;
    .scope S_0x55a00ca609d0;
T_1 ;
    %wait E_0x55a00ca2c970;
    %load/vec4 v0x55a00ca61520_0;
    %dup/vec4;
    %pushi/vec4 0, 0, 5;
    %cmp/u;
    %jmp/1 T_1.0, 6;
    %dup/vec4;
    %pushi/vec4 1, 0, 5;
    %cmp/u;
    %jmp/1 T_1.1, 6;
    %dup/vec4;
    %pushi/vec4 2, 0, 5;
    %cmp/u;
    %jmp/1 T_1.2, 6;
    %dup/vec4;
    %pushi/vec4 3, 0, 5;
    %cmp/u;
    %jmp/1 T_1.3, 6;
    %dup/vec4;
    %pushi/vec4 4, 0, 5;
    %cmp/u;
    %jmp/1 T_1.4, 6;
    %dup/vec4;
    %pushi/vec4 5, 0, 5;
    %cmp/u;
    %jmp/1 T_1.5, 6;
    %dup/vec4;
    %pushi/vec4 6, 0, 5;
    %cmp/u;
    %jmp/1 T_1.6, 6;
    %dup/vec4;
    %pushi/vec4 7, 0, 5;
    %cmp/u;
    %jmp/1 T_1.7, 6;
    %dup/vec4;
    %pushi/vec4 8, 0, 5;
    %cmp/u;
    %jmp/1 T_1.8, 6;
    %dup/vec4;
    %pushi/vec4 9, 0, 5;
    %cmp/u;
    %jmp/1 T_1.9, 6;
    %pushi/vec4 0, 0, 1;
    %store/vec4 v0x55a00ca60da0_0, 0, 1;
    %pushi/vec4 0, 0, 1;
    %store/vec4 v0x55a00ca60e60_0, 0, 1;
    %pushi/vec4 0, 0, 1;
    %store/vec4 v0x55a00ca60f30_0, 0, 1;
    %pushi/vec4 0, 0, 1;
    %store/vec4 v0x55a00ca60ff0_0, 0, 1;
    %pushi/vec4 0, 0, 1;
    %store/vec4 v0x55a00ca611c0_0, 0, 1;
    %pushi/vec4 0, 0, 1;
    %store/vec4 v0x55a00ca61330_0, 0, 1;
    %pushi/vec4 0, 0, 1;
    %store/vec4 v0x55a00ca61460_0, 0, 1;
    %jmp T_1.11;
T_1.0 ;
    %pushi/vec4 1, 0, 1;
    %store/vec4 v0x55a00ca60da0_0, 0, 1;
    %pushi/vec4 1, 0, 1;
    %store/vec4 v0x55a00ca60e60_0, 0, 1;
    %pushi/vec4 1, 0, 1;
    %store/vec4 v0x55a00ca60f30_0, 0, 1;
    %pushi/vec4 0, 0, 1;
    %store/vec4 v0x55a00ca60ff0_0, 0, 1;
    %pushi/vec4 1, 0, 1;
    %store/vec4 v0x55a00ca611c0_0, 0, 1;
    %pushi/vec4 1, 0, 1;
    %store/vec4 v0x55a00ca61330_0, 0, 1;
    %pushi/vec4 1, 0, 1;
    %store/vec4 v0x55a00ca61460_0, 0, 1;
    %jmp T_1.11;
T_1.1 ;
    %pushi/vec4 0, 0, 1;
    %store/vec4 v0x55a00ca60da0_0, 0, 1;
    %pushi/vec4 0, 0, 1;
    %store/vec4 v0x55a00ca60e60_0, 0, 1;
    %pushi/vec4 1, 0, 1;
    %store/vec4 v0x55a00ca60f30_0, 0, 1;
    %pushi/vec4 0, 0, 1;
    %store/vec4 v0x55a00ca60ff0_0, 0, 1;
    %pushi/vec4 0, 0, 1;
    %store/vec4 v0x55a00ca611c0_0, 0, 1;
    %pushi/vec4 1, 0, 1;
    %store/vec4 v0x55a00ca61330_0, 0, 1;
    %pushi/vec4 0, 0, 1;
    %store/vec4 v0x55a00ca61460_0, 0, 1;
    %jmp T_1.11;
T_1.2 ;
    %pushi/vec4 1, 0, 1;
    %store/vec4 v0x55a00ca60da0_0, 0, 1;
    %pushi/vec4 0, 0, 1;
    %store/vec4 v0x55a00ca60e60_0, 0, 1;
    %pushi/vec4 1, 0, 1;
    %store/vec4 v0x55a00ca60f30_0, 0, 1;
    %pushi/vec4 1, 0, 1;
    %store/vec4 v0x55a00ca60ff0_0, 0, 1;
    %pushi/vec4 1, 0, 1;
    %store/vec4 v0x55a00ca611c0_0, 0, 1;
    %pushi/vec4 0, 0, 1;
    %store/vec4 v0x55a00ca61330_0, 0, 1;
    %pushi/vec4 1, 0, 1;
    %store/vec4 v0x55a00ca61460_0, 0, 1;
    %jmp T_1.11;
T_1.3 ;
    %pushi/vec4 1, 0, 1;
    %store/vec4 v0x55a00ca60da0_0, 0, 1;
    %pushi/vec4 0, 0, 1;
    %store/vec4 v0x55a00ca60e60_0, 0, 1;
    %pushi/vec4 1, 0, 1;
    %store/vec4 v0x55a00ca60f30_0, 0, 1;
    %pushi/vec4 1, 0, 1;
    %store/vec4 v0x55a00ca60ff0_0, 0, 1;
    %pushi/vec4 0, 0, 1;
    %store/vec4 v0x55a00ca611c0_0, 0, 1;
    %pushi/vec4 1, 0, 1;
    %store/vec4 v0x55a00ca61330_0, 0, 1;
    %pushi/vec4 1, 0, 1;
    %store/vec4 v0x55a00ca61460_0, 0, 1;
    %jmp T_1.11;
T_1.4 ;
    %pushi/vec4 0, 0, 1;
    %store/vec4 v0x55a00ca60da0_0, 0, 1;
    %pushi/vec4 1, 0, 1;
    %store/vec4 v0x55a00ca60e60_0, 0, 1;
    %pushi/vec4 1, 0, 1;
    %store/vec4 v0x55a00ca60f30_0, 0, 1;
    %pushi/vec4 1, 0, 1;
    %store/vec4 v0x55a00ca60ff0_0, 0, 1;
    %pushi/vec4 0, 0, 1;
    %store/vec4 v0x55a00ca611c0_0, 0, 1;
    %pushi/vec4 1, 0, 1;
    %store/vec4 v0x55a00ca61330_0, 0, 1;
    %pushi/vec4 0, 0, 1;
    %store/vec4 v0x55a00ca61460_0, 0, 1;
    %jmp T_1.11;
T_1.5 ;
    %pushi/vec4 1, 0, 1;
    %store/vec4 v0x55a00ca60da0_0, 0, 1;
    %pushi/vec4 1, 0, 1;
    %store/vec4 v0x55a00ca60e60_0, 0, 1;
    %pushi/vec4 0, 0, 1;
    %store/vec4 v0x55a00ca60f30_0, 0, 1;
    %pushi/vec4 1, 0, 1;
    %store/vec4 v0x55a00ca60ff0_0, 0, 1;
    %pushi/vec4 0, 0, 1;
    %store/vec4 v0x55a00ca611c0_0, 0, 1;
    %pushi/vec4 1, 0, 1;
    %store/vec4 v0x55a00ca61330_0, 0, 1;
    %pushi/vec4 1, 0, 1;
    %store/vec4 v0x55a00ca61460_0, 0, 1;
    %jmp T_1.11;
T_1.6 ;
    %pushi/vec4 1, 0, 1;
    %store/vec4 v0x55a00ca60da0_0, 0, 1;
    %pushi/vec4 1, 0, 1;
    %store/vec4 v0x55a00ca60e60_0, 0, 1;
    %pushi/vec4 0, 0, 1;
    %store/vec4 v0x55a00ca60f30_0, 0, 1;
    %pushi/vec4 1, 0, 1;
    %store/vec4 v0x55a00ca60ff0_0, 0, 1;
    %pushi/vec4 1, 0, 1;
    %store/vec4 v0x55a00ca611c0_0, 0, 1;
    %pushi/vec4 1, 0, 1;
    %store/vec4 v0x55a00ca61330_0, 0, 1;
    %pushi/vec4 1, 0, 1;
    %store/vec4 v0x55a00ca61460_0, 0, 1;
    %jmp T_1.11;
T_1.7 ;
    %pushi/vec4 1, 0, 1;
    %store/vec4 v0x55a00ca60da0_0, 0, 1;
    %pushi/vec4 0, 0, 1;
    %store/vec4 v0x55a00ca60e60_0, 0, 1;
    %pushi/vec4 1, 0, 1;
    %store/vec4 v0x55a00ca60f30_0, 0, 1;
    %pushi/vec4 0, 0, 1;
    %store/vec4 v0x55a00ca60ff0_0, 0, 1;
    %pushi/vec4 0, 0, 1;
    %store/vec4 v0x55a00ca611c0_0, 0, 1;
    %pushi/vec4 1, 0, 1;
    %store/vec4 v0x55a00ca61330_0, 0, 1;
    %pushi/vec4 0, 0, 1;
    %store/vec4 v0x55a00ca61460_0, 0, 1;
    %jmp T_1.11;
T_1.8 ;
    %pushi/vec4 1, 0, 1;
    %store/vec4 v0x55a00ca60da0_0, 0, 1;
    %pushi/vec4 1, 0, 1;
    %store/vec4 v0x55a00ca60e60_0, 0, 1;
    %pushi/vec4 1, 0, 1;
    %store/vec4 v0x55a00ca60f30_0, 0, 1;
    %pushi/vec4 1, 0, 1;
    %store/vec4 v0x55a00ca60ff0_0, 0, 1;
    %pushi/vec4 1, 0, 1;
    %store/vec4 v0x55a00ca611c0_0, 0, 1;
    %pushi/vec4 1, 0, 1;
    %store/vec4 v0x55a00ca61330_0, 0, 1;
    %pushi/vec4 1, 0, 1;
    %store/vec4 v0x55a00ca61460_0, 0, 1;
    %jmp T_1.11;
T_1.9 ;
    %pushi/vec4 1, 0, 1;
    %store/vec4 v0x55a00ca60da0_0, 0, 1;
    %pushi/vec4 1, 0, 1;
    %store/vec4 v0x55a00ca60e60_0, 0, 1;
    %pushi/vec4 1, 0, 1;
    %store/vec4 v0x55a00ca60f30_0, 0, 1;
    %pushi/vec4 1, 0, 1;
    %store/vec4 v0x55a00ca60ff0_0, 0, 1;
    %pushi/vec4 0, 0, 1;
    %store/vec4 v0x55a00ca611c0_0, 0, 1;
    %pushi/vec4 1, 0, 1;
    %store/vec4 v0x55a00ca61330_0, 0, 1;
    %pushi/vec4 1, 0, 1;
    %store/vec4 v0x55a00ca61460_0, 0, 1;
    %jmp T_1.11;
T_1.11 ;
    %pop/vec4 1;
    %jmp T_1;
    .thread T_1, $push;
    .scope S_0x55a00ca5fc50;
T_2 ;
    %wait E_0x55a00ca2cc10;
    %load/vec4 v0x55a00ca607d0_0;
    %dup/vec4;
    %pushi/vec4 0, 0, 5;
    %cmp/u;
    %jmp/1 T_2.0, 6;
    %dup/vec4;
    %pushi/vec4 1, 0, 5;
    %cmp/u;
    %jmp/1 T_2.1, 6;
    %dup/vec4;
    %pushi/vec4 2, 0, 5;
    %cmp/u;
    %jmp/1 T_2.2, 6;
    %dup/vec4;
    %pushi/vec4 3, 0, 5;
    %cmp/u;
    %jmp/1 T_2.3, 6;
    %dup/vec4;
    %pushi/vec4 4, 0, 5;
    %cmp/u;
    %jmp/1 T_2.4, 6;
    %dup/vec4;
    %pushi/vec4 5, 0, 5;
    %cmp/u;
    %jmp/1 T_2.5, 6;
    %dup/vec4;
    %pushi/vec4 6, 0, 5;
    %cmp/u;
    %jmp/1 T_2.6, 6;
    %dup/vec4;
    %pushi/vec4 7, 0, 5;
    %cmp/u;
    %jmp/1 T_2.7, 6;
    %dup/vec4;
    %pushi/vec4 8, 0, 5;
    %cmp/u;
    %jmp/1 T_2.8, 6;
    %dup/vec4;
    %pushi/vec4 9, 0, 5;
    %cmp/u;
    %jmp/1 T_2.9, 6;
    %pushi/vec4 0, 0, 1;
    %store/vec4 v0x55a00ca60070_0, 0, 1;
    %pushi/vec4 0, 0, 1;
    %store/vec4 v0x55a00ca60130_0, 0, 1;
    %pushi/vec4 0, 0, 1;
    %store/vec4 v0x55a00ca601d0_0, 0, 1;
    %pushi/vec4 0, 0, 1;
    %store/vec4 v0x55a00ca60290_0, 0, 1;
    %pushi/vec4 0, 0, 1;
    %store/vec4 v0x55a00ca60460_0, 0, 1;
    %pushi/vec4 0, 0, 1;
    %store/vec4 v0x55a00ca605c0_0, 0, 1;
    %pushi/vec4 0, 0, 1;
    %store/vec4 v0x55a00ca60710_0, 0, 1;
    %jmp T_2.11;
T_2.0 ;
    %pushi/vec4 1, 0, 1;
    %store/vec4 v0x55a00ca60070_0, 0, 1;
    %pushi/vec4 1, 0, 1;
    %store/vec4 v0x55a00ca60130_0, 0, 1;
    %pushi/vec4 1, 0, 1;
    %store/vec4 v0x55a00ca601d0_0, 0, 1;
    %pushi/vec4 0, 0, 1;
    %store/vec4 v0x55a00ca60290_0, 0, 1;
    %pushi/vec4 1, 0, 1;
    %store/vec4 v0x55a00ca60460_0, 0, 1;
    %pushi/vec4 1, 0, 1;
    %store/vec4 v0x55a00ca605c0_0, 0, 1;
    %pushi/vec4 1, 0, 1;
    %store/vec4 v0x55a00ca60710_0, 0, 1;
    %jmp T_2.11;
T_2.1 ;
    %pushi/vec4 0, 0, 1;
    %store/vec4 v0x55a00ca60070_0, 0, 1;
    %pushi/vec4 0, 0, 1;
    %store/vec4 v0x55a00ca60130_0, 0, 1;
    %pushi/vec4 1, 0, 1;
    %store/vec4 v0x55a00ca601d0_0, 0, 1;
    %pushi/vec4 0, 0, 1;
    %store/vec4 v0x55a00ca60290_0, 0, 1;
    %pushi/vec4 0, 0, 1;
    %store/vec4 v0x55a00ca60460_0, 0, 1;
    %pushi/vec4 1, 0, 1;
    %store/vec4 v0x55a00ca605c0_0, 0, 1;
    %pushi/vec4 0, 0, 1;
    %store/vec4 v0x55a00ca60710_0, 0, 1;
    %jmp T_2.11;
T_2.2 ;
    %pushi/vec4 1, 0, 1;
    %store/vec4 v0x55a00ca60070_0, 0, 1;
    %pushi/vec4 0, 0, 1;
    %store/vec4 v0x55a00ca60130_0, 0, 1;
    %pushi/vec4 1, 0, 1;
    %store/vec4 v0x55a00ca601d0_0, 0, 1;
    %pushi/vec4 1, 0, 1;
    %store/vec4 v0x55a00ca60290_0, 0, 1;
    %pushi/vec4 1, 0, 1;
    %store/vec4 v0x55a00ca60460_0, 0, 1;
    %pushi/vec4 0, 0, 1;
    %store/vec4 v0x55a00ca605c0_0, 0, 1;
    %pushi/vec4 1, 0, 1;
    %store/vec4 v0x55a00ca60710_0, 0, 1;
    %jmp T_2.11;
T_2.3 ;
    %pushi/vec4 1, 0, 1;
    %store/vec4 v0x55a00ca60070_0, 0, 1;
    %pushi/vec4 0, 0, 1;
    %store/vec4 v0x55a00ca60130_0, 0, 1;
    %pushi/vec4 1, 0, 1;
    %store/vec4 v0x55a00ca601d0_0, 0, 1;
    %pushi/vec4 1, 0, 1;
    %store/vec4 v0x55a00ca60290_0, 0, 1;
    %pushi/vec4 0, 0, 1;
    %store/vec4 v0x55a00ca60460_0, 0, 1;
    %pushi/vec4 1, 0, 1;
    %store/vec4 v0x55a00ca605c0_0, 0, 1;
    %pushi/vec4 1, 0, 1;
    %store/vec4 v0x55a00ca60710_0, 0, 1;
    %jmp T_2.11;
T_2.4 ;
    %pushi/vec4 0, 0, 1;
    %store/vec4 v0x55a00ca60070_0, 0, 1;
    %pushi/vec4 1, 0, 1;
    %store/vec4 v0x55a00ca60130_0, 0, 1;
    %pushi/vec4 1, 0, 1;
    %store/vec4 v0x55a00ca601d0_0, 0, 1;
    %pushi/vec4 1, 0, 1;
    %store/vec4 v0x55a00ca60290_0, 0, 1;
    %pushi/vec4 0, 0, 1;
    %store/vec4 v0x55a00ca60460_0, 0, 1;
    %pushi/vec4 1, 0, 1;
    %store/vec4 v0x55a00ca605c0_0, 0, 1;
    %pushi/vec4 0, 0, 1;
    %store/vec4 v0x55a00ca60710_0, 0, 1;
    %jmp T_2.11;
T_2.5 ;
    %pushi/vec4 1, 0, 1;
    %store/vec4 v0x55a00ca60070_0, 0, 1;
    %pushi/vec4 1, 0, 1;
    %store/vec4 v0x55a00ca60130_0, 0, 1;
    %pushi/vec4 0, 0, 1;
    %store/vec4 v0x55a00ca601d0_0, 0, 1;
    %pushi/vec4 1, 0, 1;
    %store/vec4 v0x55a00ca60290_0, 0, 1;
    %pushi/vec4 0, 0, 1;
    %store/vec4 v0x55a00ca60460_0, 0, 1;
    %pushi/vec4 1, 0, 1;
    %store/vec4 v0x55a00ca605c0_0, 0, 1;
    %pushi/vec4 1, 0, 1;
    %store/vec4 v0x55a00ca60710_0, 0, 1;
    %jmp T_2.11;
T_2.6 ;
    %pushi/vec4 1, 0, 1;
    %store/vec4 v0x55a00ca60070_0, 0, 1;
    %pushi/vec4 1, 0, 1;
    %store/vec4 v0x55a00ca60130_0, 0, 1;
    %pushi/vec4 0, 0, 1;
    %store/vec4 v0x55a00ca601d0_0, 0, 1;
    %pushi/vec4 1, 0, 1;
    %store/vec4 v0x55a00ca60290_0, 0, 1;
    %pushi/vec4 1, 0, 1;
    %store/vec4 v0x55a00ca60460_0, 0, 1;
    %pushi/vec4 1, 0, 1;
    %store/vec4 v0x55a00ca605c0_0, 0, 1;
    %pushi/vec4 1, 0, 1;
    %store/vec4 v0x55a00ca60710_0, 0, 1;
    %jmp T_2.11;
T_2.7 ;
    %pushi/vec4 1, 0, 1;
    %store/vec4 v0x55a00ca60070_0, 0, 1;
    %pushi/vec4 0, 0, 1;
    %store/vec4 v0x55a00ca60130_0, 0, 1;
    %pushi/vec4 1, 0, 1;
    %store/vec4 v0x55a00ca601d0_0, 0, 1;
    %pushi/vec4 0, 0, 1;
    %store/vec4 v0x55a00ca60290_0, 0, 1;
    %pushi/vec4 0, 0, 1;
    %store/vec4 v0x55a00ca60460_0, 0, 1;
    %pushi/vec4 1, 0, 1;
    %store/vec4 v0x55a00ca605c0_0, 0, 1;
    %pushi/vec4 0, 0, 1;
    %store/vec4 v0x55a00ca60710_0, 0, 1;
    %jmp T_2.11;
T_2.8 ;
    %pushi/vec4 1, 0, 1;
    %store/vec4 v0x55a00ca60070_0, 0, 1;
    %pushi/vec4 1, 0, 1;
    %store/vec4 v0x55a00ca60130_0, 0, 1;
    %pushi/vec4 1, 0, 1;
    %store/vec4 v0x55a00ca601d0_0, 0, 1;
    %pushi/vec4 1, 0, 1;
    %store/vec4 v0x55a00ca60290_0, 0, 1;
    %pushi/vec4 1, 0, 1;
    %store/vec4 v0x55a00ca60460_0, 0, 1;
    %pushi/vec4 1, 0, 1;
    %store/vec4 v0x55a00ca605c0_0, 0, 1;
    %pushi/vec4 1, 0, 1;
    %store/vec4 v0x55a00ca60710_0, 0, 1;
    %jmp T_2.11;
T_2.9 ;
    %pushi/vec4 1, 0, 1;
    %store/vec4 v0x55a00ca60070_0, 0, 1;
    %pushi/vec4 1, 0, 1;
    %store/vec4 v0x55a00ca60130_0, 0, 1;
    %pushi/vec4 1, 0, 1;
    %store/vec4 v0x55a00ca601d0_0, 0, 1;
    %pushi/vec4 1, 0, 1;
    %store/vec4 v0x55a00ca60290_0, 0, 1;
    %pushi/vec4 0, 0, 1;
    %store/vec4 v0x55a00ca60460_0, 0, 1;
    %pushi/vec4 1, 0, 1;
    %store/vec4 v0x55a00ca605c0_0, 0, 1;
    %pushi/vec4 1, 0, 1;
    %store/vec4 v0x55a00ca60710_0, 0, 1;
    %jmp T_2.11;
T_2.11 ;
    %pop/vec4 1;
    %jmp T_2;
    .thread T_2, $push;
# The file index is used to find the file name in the following table.
:file_names 3;
    "N/A";
    "<interactive>";
    "/home/incredibleradioman/repos/DigitalSynthLessons/panchul/unit3/decimals_sevensegs_dual/decimals_sevensegs_dual.sv";
