#! /usr/bin/vvp
:ivl_version "10.3 (stable)";
:ivl_delay_selection "TYPICAL";
:vpi_time_precision + 0;
:vpi_module "system";
:vpi_module "vhdl_sys";
:vpi_module "v2005_math";
:vpi_module "va_math";
S_0x55d81cfb61e0 .scope module, "b7_4bit_dec_assign_shift" "b7_4bit_dec_assign_shift" 2 1;
 .timescale 0 0;
    .port_info 0 /INPUT 4 "binary_in"
    .port_info 1 /OUTPUT 16 "decoder_out"
    .port_info 2 /INPUT 1 "enable"
L_0x7fe0f4642018 .functor BUFT 1, C4<0000000000000001>, C4<0>, C4<0>, C4<0>;
v0x55d81cfb63b0_0 .net/2u *"_s0", 15 0, L_0x7fe0f4642018;  1 drivers
v0x55d81cff8f30_0 .net *"_s2", 15 0, L_0x55d81d009430;  1 drivers
L_0x7fe0f4642060 .functor BUFT 1, C4<0000000000000000>, C4<0>, C4<0>, C4<0>;
v0x55d81cff9010_0 .net/2u *"_s4", 15 0, L_0x7fe0f4642060;  1 drivers
o0x7fe0f468b0a8 .functor BUFZ 4, C4<zzzz>; HiZ drive
v0x55d81cff90d0_0 .net "binary_in", 3 0, o0x7fe0f468b0a8;  0 drivers
v0x55d81cff91b0_0 .net "decoder_out", 15 0, L_0x55d81d009580;  1 drivers
o0x7fe0f468b108 .functor BUFZ 1, C4<z>; HiZ drive
v0x55d81cff92e0_0 .net "enable", 0 0, o0x7fe0f468b108;  0 drivers
L_0x55d81d009430 .shift/l 16, L_0x7fe0f4642018, o0x7fe0f468b0a8;
L_0x55d81d009580 .functor MUXZ 16, L_0x7fe0f4642060, L_0x55d81d009430, o0x7fe0f468b108, C4<>;
# The file index is used to find the file name in the following table.
:file_names 3;
    "N/A";
    "<interactive>";
    "/home/incredibleradioman/repos/DigitalSynthLessons/panchul/unit3/b7_4bit_dec_assign_shift/b7_4bit_dec_assign.sv";
