#! /usr/bin/vvp
:ivl_version "10.3 (stable)";
:ivl_delay_selection "TYPICAL";
:vpi_time_precision + 0;
:vpi_module "system";
:vpi_module "vhdl_sys";
:vpi_module "v2005_math";
:vpi_module "va_math";
S_0x558da798c0a0 .scope module, "jk_latch" "jk_latch" 2 2;
 .timescale 0 0;
    .port_info 0 /INPUT 1 "clk"
    .port_info 1 /INPUT 1 "j"
    .port_info 2 /INPUT 1 "k"
    .port_info 3 /OUTPUT 1 "q"
    .port_info 4 /OUTPUT 1 "q_n"
o0x7f93e0a49168 .functor BUFZ 1, C4<z>; HiZ drive
o0x7f93e0a49138 .functor BUFZ 1, C4<z>; HiZ drive
L_0x558da79d2340 .functor AND 1, o0x7f93e0a49168, o0x7f93e0a49138, C4<1>, C4<1>;
L_0x558da79d2400 .functor AND 1, L_0x558da79d2340, L_0x558da79d2bd0, C4<1>, C4<1>;
L_0x558da79d24a0 .functor NOT 1, L_0x558da79d2400, C4<0>, C4<0>, C4<0>;
o0x7f93e0a49198 .functor BUFZ 1, C4<z>; HiZ drive
L_0x558da79d2590 .functor AND 1, o0x7f93e0a49198, o0x7f93e0a49138, C4<1>, C4<1>;
L_0x558da79d26b0 .functor AND 1, L_0x558da79d2590, L_0x558da79d29b0, C4<1>, C4<1>;
L_0x558da79d2770 .functor NOT 1, L_0x558da79d26b0, C4<0>, C4<0>, C4<0>;
L_0x558da79d28a0 .functor AND 1, L_0x558da79d24a0, L_0x558da79d2bd0, C4<1>, C4<1>;
L_0x558da79d29b0 .functor NOT 1, L_0x558da79d28a0, C4<0>, C4<0>, C4<0>;
L_0x558da79d2b10 .functor AND 1, L_0x558da79d2770, L_0x558da79d29b0, C4<1>, C4<1>;
L_0x558da79d2bd0 .functor NOT 1, L_0x558da79d2b10, C4<0>, C4<0>, C4<0>;
v0x558da798c220_0 .net *"_s0", 0 0, L_0x558da79d2340;  1 drivers
v0x558da79d18d0_0 .net *"_s12", 0 0, L_0x558da79d28a0;  1 drivers
v0x558da79d19b0_0 .net *"_s16", 0 0, L_0x558da79d2b10;  1 drivers
v0x558da79d1a70_0 .net *"_s2", 0 0, L_0x558da79d2400;  1 drivers
v0x558da79d1b50_0 .net *"_s6", 0 0, L_0x558da79d2590;  1 drivers
v0x558da79d1c80_0 .net *"_s8", 0 0, L_0x558da79d26b0;  1 drivers
v0x558da79d1d60_0 .net "clk", 0 0, o0x7f93e0a49138;  0 drivers
v0x558da79d1e20_0 .net "j", 0 0, o0x7f93e0a49168;  0 drivers
v0x558da79d1ee0_0 .net "k", 0 0, o0x7f93e0a49198;  0 drivers
v0x558da79d1fa0_0 .net "nand1", 0 0, L_0x558da79d24a0;  1 drivers
v0x558da79d2060_0 .net "nand2", 0 0, L_0x558da79d2770;  1 drivers
v0x558da79d2120_0 .net "q", 0 0, L_0x558da79d29b0;  1 drivers
v0x558da79d21e0_0 .net "q_n", 0 0, L_0x558da79d2bd0;  1 drivers
# The file index is used to find the file name in the following table.
:file_names 3;
    "N/A";
    "<interactive>";
    "/home/incredibleradioman/repos/DigitalSynthLessons/panchul/unit2/jk_flip_flop/jk_latch.sv";
