#! /usr/bin/vvp
:ivl_version "10.3 (stable)";
:ivl_delay_selection "TYPICAL";
:vpi_time_precision + 0;
:vpi_module "system";
:vpi_module "vhdl_sys";
:vpi_module "v2005_math";
:vpi_module "va_math";
S_0x5625f3e2e1d0 .scope module, "b9_6bit_dec_mips_aludec" "b9_6bit_dec_mips_aludec" 2 29;
 .timescale 0 0;
    .port_info 0 /INPUT 6 "funct"
    .port_info 1 /INPUT 2 "aluop"
    .port_info 2 /OUTPUT 3 "alucontrol"
v0x5625f3e66550_0 .var "alucontrol", 2 0;
o0x7fb046072048 .functor BUFZ 2, C4<zz>; HiZ drive
v0x5625f3e791f0_0 .net "aluop", 1 0, o0x7fb046072048;  0 drivers
o0x7fb046072078 .functor BUFZ 6, C4<zzzzzz>; HiZ drive
v0x5625f3e792d0_0 .net "funct", 5 0, o0x7fb046072078;  0 drivers
E_0x5625f3e63bb0 .event edge, v0x5625f3e791f0_0, v0x5625f3e792d0_0;
S_0x5625f3e2e350 .scope module, "b9_6bit_dec_mips_maindec" "b9_6bit_dec_mips_maindec" 2 1;
 .timescale 0 0;
    .port_info 0 /INPUT 6 "op"
    .port_info 1 /OUTPUT 1 "memtoreg"
    .port_info 2 /OUTPUT 1 "memwrite"
    .port_info 3 /OUTPUT 1 "branch"
    .port_info 4 /OUTPUT 1 "alusrc"
    .port_info 5 /OUTPUT 1 "regdst"
    .port_info 6 /OUTPUT 1 "regwrite"
    .port_info 7 /OUTPUT 1 "jump"
    .port_info 8 /OUTPUT 2 "aluop"
v0x5625f3e79430_0 .net *"_s10", 8 0, v0x5625f3e797a0_0;  1 drivers
v0x5625f3e79530_0 .net "aluop", 1 0, L_0x5625f3e7a570;  1 drivers
v0x5625f3e79610_0 .net "alusrc", 0 0, L_0x5625f3e7a0c0;  1 drivers
v0x5625f3e796e0_0 .net "branch", 0 0, L_0x5625f3e7a160;  1 drivers
v0x5625f3e797a0_0 .var "controls", 8 0;
v0x5625f3e798d0_0 .net "jump", 0 0, L_0x5625f3e7a4d0;  1 drivers
v0x5625f3e79990_0 .net "memtoreg", 0 0, L_0x5625f3e7a3c0;  1 drivers
v0x5625f3e79a50_0 .net "memwrite", 0 0, L_0x5625f3e7a2f0;  1 drivers
o0x7fb0460722b8 .functor BUFZ 6, C4<zzzzzz>; HiZ drive
v0x5625f3e79b10_0 .net "op", 5 0, o0x7fb0460722b8;  0 drivers
v0x5625f3e79c80_0 .net "regdst", 0 0, L_0x5625f3e79ff0;  1 drivers
v0x5625f3e79d40_0 .net "regwrite", 0 0, L_0x5625f3e79f20;  1 drivers
E_0x5625f3e63db0 .event edge, v0x5625f3e79b10_0;
L_0x5625f3e79f20 .part v0x5625f3e797a0_0, 8, 1;
L_0x5625f3e79ff0 .part v0x5625f3e797a0_0, 7, 1;
L_0x5625f3e7a0c0 .part v0x5625f3e797a0_0, 6, 1;
L_0x5625f3e7a160 .part v0x5625f3e797a0_0, 5, 1;
L_0x5625f3e7a2f0 .part v0x5625f3e797a0_0, 4, 1;
L_0x5625f3e7a3c0 .part v0x5625f3e797a0_0, 3, 1;
L_0x5625f3e7a4d0 .part v0x5625f3e797a0_0, 2, 1;
L_0x5625f3e7a570 .part v0x5625f3e797a0_0, 0, 2;
    .scope S_0x5625f3e2e1d0;
T_0 ;
    %wait E_0x5625f3e63bb0;
    %load/vec4 v0x5625f3e791f0_0;
    %dup/vec4;
    %pushi/vec4 0, 0, 2;
    %cmp/u;
    %jmp/1 T_0.0, 6;
    %dup/vec4;
    %pushi/vec4 1, 0, 2;
    %cmp/u;
    %jmp/1 T_0.1, 6;
    %load/vec4 v0x5625f3e792d0_0;
    %dup/vec4;
    %pushi/vec4 32, 0, 6;
    %cmp/u;
    %jmp/1 T_0.4, 6;
    %dup/vec4;
    %pushi/vec4 34, 0, 6;
    %cmp/u;
    %jmp/1 T_0.5, 6;
    %dup/vec4;
    %pushi/vec4 36, 0, 6;
    %cmp/u;
    %jmp/1 T_0.6, 6;
    %dup/vec4;
    %pushi/vec4 37, 0, 6;
    %cmp/u;
    %jmp/1 T_0.7, 6;
    %dup/vec4;
    %pushi/vec4 42, 0, 6;
    %cmp/u;
    %jmp/1 T_0.8, 6;
    %pushi/vec4 7, 7, 3;
    %assign/vec4 v0x5625f3e66550_0, 0;
    %jmp T_0.10;
T_0.4 ;
    %pushi/vec4 2, 0, 3;
    %assign/vec4 v0x5625f3e66550_0, 0;
    %jmp T_0.10;
T_0.5 ;
    %pushi/vec4 6, 0, 3;
    %assign/vec4 v0x5625f3e66550_0, 0;
    %jmp T_0.10;
T_0.6 ;
    %pushi/vec4 0, 0, 3;
    %assign/vec4 v0x5625f3e66550_0, 0;
    %jmp T_0.10;
T_0.7 ;
    %pushi/vec4 1, 0, 3;
    %assign/vec4 v0x5625f3e66550_0, 0;
    %jmp T_0.10;
T_0.8 ;
    %pushi/vec4 7, 0, 3;
    %assign/vec4 v0x5625f3e66550_0, 0;
    %jmp T_0.10;
T_0.10 ;
    %pop/vec4 1;
    %jmp T_0.3;
T_0.0 ;
    %pushi/vec4 2, 0, 3;
    %assign/vec4 v0x5625f3e66550_0, 0;
    %jmp T_0.3;
T_0.1 ;
    %pushi/vec4 6, 0, 3;
    %assign/vec4 v0x5625f3e66550_0, 0;
    %jmp T_0.3;
T_0.3 ;
    %pop/vec4 1;
    %jmp T_0;
    .thread T_0, $push;
    .scope S_0x5625f3e2e350;
T_1 ;
    %wait E_0x5625f3e63db0;
    %load/vec4 v0x5625f3e79b10_0;
    %dup/vec4;
    %pushi/vec4 0, 0, 6;
    %cmp/u;
    %jmp/1 T_1.0, 6;
    %dup/vec4;
    %pushi/vec4 35, 0, 6;
    %cmp/u;
    %jmp/1 T_1.1, 6;
    %dup/vec4;
    %pushi/vec4 43, 0, 6;
    %cmp/u;
    %jmp/1 T_1.2, 6;
    %dup/vec4;
    %pushi/vec4 4, 0, 6;
    %cmp/u;
    %jmp/1 T_1.3, 6;
    %dup/vec4;
    %pushi/vec4 8, 0, 6;
    %cmp/u;
    %jmp/1 T_1.4, 6;
    %dup/vec4;
    %pushi/vec4 2, 0, 6;
    %cmp/u;
    %jmp/1 T_1.5, 6;
    %pushi/vec4 511, 511, 9;
    %assign/vec4 v0x5625f3e797a0_0, 0;
    %jmp T_1.7;
T_1.0 ;
    %pushi/vec4 386, 0, 9;
    %assign/vec4 v0x5625f3e797a0_0, 0;
    %jmp T_1.7;
T_1.1 ;
    %pushi/vec4 328, 0, 9;
    %assign/vec4 v0x5625f3e797a0_0, 0;
    %jmp T_1.7;
T_1.2 ;
    %pushi/vec4 80, 0, 9;
    %assign/vec4 v0x5625f3e797a0_0, 0;
    %jmp T_1.7;
T_1.3 ;
    %pushi/vec4 33, 0, 9;
    %assign/vec4 v0x5625f3e797a0_0, 0;
    %jmp T_1.7;
T_1.4 ;
    %pushi/vec4 320, 0, 9;
    %assign/vec4 v0x5625f3e797a0_0, 0;
    %jmp T_1.7;
T_1.5 ;
    %pushi/vec4 4, 0, 9;
    %assign/vec4 v0x5625f3e797a0_0, 0;
    %jmp T_1.7;
T_1.7 ;
    %pop/vec4 1;
    %jmp T_1;
    .thread T_1, $push;
# The file index is used to find the file name in the following table.
:file_names 3;
    "N/A";
    "<interactive>";
    "/home/incredibleradioman/repos/DigitalSynthLessons/panchul/unit3/b9_6bit_dec_mips/b9_6it_dec_mips.sv";
