#! /usr/bin/vvp
:ivl_version "10.3 (stable)";
:ivl_delay_selection "TYPICAL";
:vpi_time_precision + 0;
:vpi_module "system";
:vpi_module "vhdl_sys";
:vpi_module "v2005_math";
:vpi_module "va_math";
S_0x562105595160 .scope module, "b7_anybit_dec_assign_shift" "b7_anybit_dec_assign_shift" 2 1;
 .timescale 0 0;
    .port_info 0 /INPUT 4 "binary_in"
    .port_info 1 /OUTPUT 32 "decoder_out"
    .port_info 2 /INPUT 1 "enable"
P_0x5621055a63c0 .param/l "IN_SIZE" 0 2 3, +C4<00000000000000000000000000000100>;
P_0x5621055a6400 .param/l "OUT_SIZE" 0 2 4, +C4<000000000000000000000000000000100000>;
L_0x7fe072f32018 .functor BUFT 1, C4<00000000000000000000000000000001>, C4<0>, C4<0>, C4<0>;
v0x5621055948e0_0 .net/2s *"_s0", 31 0, L_0x7fe072f32018;  1 drivers
v0x5621055a6600_0 .net *"_s2", 31 0, L_0x5621055e8eb0;  1 drivers
L_0x7fe072f32060 .functor BUFT 1, C4<00000000000000000000000000000000>, C4<0>, C4<0>, C4<0>;
v0x5621055a66a0_0 .net/2s *"_s4", 31 0, L_0x7fe072f32060;  1 drivers
o0x7fe072f7b0a8 .functor BUFZ 4, C4<zzzz>; HiZ drive
v0x5621055d8b20_0 .net "binary_in", 3 0, o0x7fe072f7b0a8;  0 drivers
v0x5621055d8c00_0 .net "decoder_out", 31 0, L_0x5621055e9000;  1 drivers
o0x7fe072f7b108 .functor BUFZ 1, C4<z>; HiZ drive
v0x5621055d8d30_0 .net "enable", 0 0, o0x7fe072f7b108;  0 drivers
L_0x5621055e8eb0 .shift/l 32, L_0x7fe072f32018, o0x7fe072f7b0a8;
L_0x5621055e9000 .functor MUXZ 32, L_0x7fe072f32060, L_0x5621055e8eb0, o0x7fe072f7b108, C4<>;
# The file index is used to find the file name in the following table.
:file_names 3;
    "N/A";
    "<interactive>";
    "/home/incredibleradioman/repos/DigitalSynthLessons/panchul/unit3/b7_anybit_dec_assign_shift/b7_anybit_dec_assign_shift.sv";
