#! /usr/bin/vvp
:ivl_version "10.3 (stable)";
:ivl_delay_selection "TYPICAL";
:vpi_time_precision + 0;
:vpi_module "system";
:vpi_module "vhdl_sys";
:vpi_module "v2005_math";
:vpi_module "va_math";
S_0x55f3da7911e0 .scope module, "b8_4bit_dec_assign_logic" "b8_4bit_dec_assign_logic" 2 1;
 .timescale 0 0;
    .port_info 0 /INPUT 4 "in"
    .port_info 1 /OUTPUT 16 "out"
    .port_info 2 /INPUT 1 "enable"
L_0x55f3da810040 .functor AND 1, L_0x55f3da80fd60, L_0x55f3da80ff20, C4<1>, C4<1>;
L_0x55f3da810320 .functor AND 1, L_0x55f3da810040, L_0x55f3da8101f0, C4<1>, C4<1>;
L_0x55f3da8105c0 .functor AND 1, L_0x55f3da810320, L_0x55f3da8104d0, C4<1>, C4<1>;
o0x7ff5d37f3e18 .functor BUFZ 1, C4<z>; HiZ drive
L_0x55f3da8106d0 .functor AND 1, L_0x55f3da8105c0, o0x7ff5d37f3e18, C4<1>, C4<1>;
L_0x55f3da810a30 .functor AND 1, L_0x55f3da8107c0, L_0x55f3da810960, C4<1>, C4<1>;
L_0x55f3da810d40 .functor AND 1, L_0x55f3da810a30, L_0x55f3da810c50, C4<1>, C4<1>;
L_0x55f3da810be0 .functor AND 1, L_0x55f3da810d40, L_0x55f3da810fb0, C4<1>, C4<1>;
L_0x55f3da811140 .functor AND 1, L_0x55f3da810be0, o0x7ff5d37f3e18, C4<1>, C4<1>;
L_0x55f3da811600 .functor AND 1, L_0x55f3da8113d0, L_0x55f3da8114c0, C4<1>, C4<1>;
L_0x55f3da811950 .functor AND 1, L_0x55f3da811600, L_0x55f3da8117b0, C4<1>, C4<1>;
L_0x55f3da811c20 .functor AND 1, L_0x55f3da811950, L_0x55f3da811ac0, C4<1>, C4<1>;
L_0x55f3da811d30 .functor AND 1, L_0x55f3da811c20, o0x7ff5d37f3e18, C4<1>, C4<1>;
L_0x55f3da812070 .functor AND 1, L_0x55f3da811e60, L_0x55f3da811f00, C4<1>, C4<1>;
L_0x55f3da8123f0 .functor AND 1, L_0x55f3da812070, L_0x55f3da812220, C4<1>, C4<1>;
L_0x55f3da811df0 .functor AND 1, L_0x55f3da8123f0, L_0x55f3da812620, C4<1>, C4<1>;
L_0x55f3da8128a0 .functor AND 1, L_0x55f3da811df0, o0x7ff5d37f3e18, C4<1>, C4<1>;
L_0x55f3da812f00 .functor AND 1, L_0x55f3da812a90, L_0x55f3da812cd0, C4<1>, C4<1>;
L_0x55f3da8130b0 .functor AND 1, L_0x55f3da812f00, L_0x55f3da813010, C4<1>, C4<1>;
L_0x55f3da813510 .functor AND 1, L_0x55f3da8130b0, L_0x55f3da813420, C4<1>, C4<1>;
L_0x55f3da813620 .functor AND 1, L_0x55f3da813510, o0x7ff5d37f3e18, C4<1>, C4<1>;
L_0x55f3da813bc0 .functor AND 1, L_0x55f3da8131c0, L_0x55f3da813960, C4<1>, C4<1>;
L_0x55f3da813d70 .functor AND 1, L_0x55f3da813bc0, L_0x55f3da813cd0, C4<1>, C4<1>;
L_0x55f3da814220 .functor AND 1, L_0x55f3da813d70, L_0x55f3da814130, C4<1>, C4<1>;
L_0x55f3da814330 .functor AND 1, L_0x55f3da814220, o0x7ff5d37f3e18, C4<1>, C4<1>;
L_0x55f3da8149c0 .functor AND 1, L_0x55f3da8146c0, L_0x55f3da8147b0, C4<1>, C4<1>;
L_0x55f3da814ba0 .functor AND 1, L_0x55f3da8149c0, L_0x55f3da814b00, C4<1>, C4<1>;
L_0x55f3da8150a0 .functor AND 1, L_0x55f3da814ba0, L_0x55f3da814fb0, C4<1>, C4<1>;
L_0x55f3da8151b0 .functor AND 1, L_0x55f3da8150a0, o0x7ff5d37f3e18, C4<1>, C4<1>;
L_0x55f3da815630 .functor AND 1, L_0x55f3da815360, L_0x55f3da815590, C4<1>, C4<1>;
L_0x55f3da8159b0 .functor AND 1, L_0x55f3da815630, L_0x55f3da815770, C4<1>, C4<1>;
L_0x55f3da815f00 .functor AND 1, L_0x55f3da8159b0, L_0x55f3da815c60, C4<1>, C4<1>;
L_0x55f3da816010 .functor AND 1, L_0x55f3da815f00, o0x7ff5d37f3e18, C4<1>, C4<1>;
L_0x55f3da8168c0 .functor AND 1, L_0x55f3da816280, L_0x55f3da8165d0, C4<1>, C4<1>;
L_0x55f3da816d40 .functor AND 1, L_0x55f3da8168c0, L_0x55f3da816a70, C4<1>, C4<1>;
L_0x55f3da817010 .functor AND 1, L_0x55f3da816d40, L_0x55f3da816f70, C4<1>, C4<1>;
L_0x55f3da817120 .functor AND 1, L_0x55f3da817010, o0x7ff5d37f3e18, C4<1>, C4<1>;
L_0x55f3da817960 .functor AND 1, L_0x55f3da817310, L_0x55f3da817640, C4<1>, C4<1>;
L_0x55f3da817e10 .functor AND 1, L_0x55f3da817960, L_0x55f3da817b10, C4<1>, C4<1>;
L_0x55f3da818100 .functor AND 1, L_0x55f3da817e10, L_0x55f3da818060, C4<1>, C4<1>;
L_0x55f3da818210 .functor AND 1, L_0x55f3da818100, o0x7ff5d37f3e18, C4<1>, C4<1>;
L_0x55f3da818aa0 .functor AND 1, L_0x55f3da8186e0, L_0x55f3da8187d0, C4<1>, C4<1>;
L_0x55f3da818fb0 .functor AND 1, L_0x55f3da818aa0, L_0x55f3da818c80, C4<1>, C4<1>;
L_0x55f3da8192c0 .functor AND 1, L_0x55f3da818fb0, L_0x55f3da819220, C4<1>, C4<1>;
L_0x55f3da8193d0 .functor AND 1, L_0x55f3da8192c0, o0x7ff5d37f3e18, C4<1>, C4<1>;
L_0x55f3da819990 .functor AND 1, L_0x55f3da819600, L_0x55f3da8198f0, C4<1>, C4<1>;
L_0x55f3da819ec0 .functor AND 1, L_0x55f3da819990, L_0x55f3da819dd0, C4<1>, C4<1>;
L_0x55f3da81a460 .functor AND 1, L_0x55f3da819ec0, L_0x55f3da81a150, C4<1>, C4<1>;
L_0x55f3da81a570 .functor AND 1, L_0x55f3da81a460, o0x7ff5d37f3e18, C4<1>, C4<1>;
L_0x55f3da81b020 .functor AND 1, L_0x55f3da81a860, L_0x55f3da81ac70, C4<1>, C4<1>;
L_0x55f3da81b1d0 .functor AND 1, L_0x55f3da81b020, L_0x55f3da81b130, C4<1>, C4<1>;
L_0x55f3da81b7c0 .functor AND 1, L_0x55f3da81b1d0, L_0x55f3da81b480, C4<1>, C4<1>;
L_0x55f3da81b8d0 .functor AND 1, L_0x55f3da81b7c0, o0x7ff5d37f3e18, C4<1>, C4<1>;
L_0x55f3da81c050 .functor AND 1, L_0x55f3da81bb40, L_0x55f3da81bf30, C4<1>, C4<1>;
L_0x55f3da81c4c0 .functor AND 1, L_0x55f3da81c050, L_0x55f3da81c160, C4<1>, C4<1>;
L_0x55f3da81c830 .functor AND 1, L_0x55f3da81c4c0, L_0x55f3da81c790, C4<1>, C4<1>;
L_0x55f3da81c940 .functor AND 1, L_0x55f3da81c830, o0x7ff5d37f3e18, C4<1>, C4<1>;
L_0x55f3da81d3b0 .functor AND 1, L_0x55f3da81cf40, L_0x55f3da81d030, C4<1>, C4<1>;
L_0x55f3da81d590 .functor AND 1, L_0x55f3da81d3b0, L_0x55f3da81d4f0, C4<1>, C4<1>;
L_0x55f3da81dc10 .functor AND 1, L_0x55f3da81d590, L_0x55f3da81d880, C4<1>, C4<1>;
L_0x55f3da81dd20 .functor AND 1, L_0x55f3da81dc10, o0x7ff5d37f3e18, C4<1>, C4<1>;
L_0x55f3da81e960 .functor AND 1, L_0x55f3da81e520, L_0x55f3da81e8c0, C4<1>, C4<1>;
L_0x55f3da81ee20 .functor AND 1, L_0x55f3da81e960, L_0x55f3da81ea70, C4<1>, C4<1>;
L_0x55f3da81f9e0 .functor AND 1, L_0x55f3da81ee20, L_0x55f3da81f130, C4<1>, C4<1>;
L_0x55f3da81faf0 .functor AND 1, L_0x55f3da81f9e0, o0x7ff5d37f3e18, C4<1>, C4<1>;
v0x55f3da7913b0_0 .net *"_s10", 0 0, L_0x55f3da810040;  1 drivers
v0x55f3da806300_0 .net *"_s101", 0 0, L_0x55f3da812a90;  1 drivers
v0x55f3da8063c0_0 .net *"_s103", 0 0, L_0x55f3da812c30;  1 drivers
v0x55f3da806480_0 .net *"_s105", 0 0, L_0x55f3da812cd0;  1 drivers
v0x55f3da806540_0 .net *"_s106", 0 0, L_0x55f3da812f00;  1 drivers
v0x55f3da806670_0 .net *"_s109", 0 0, L_0x55f3da813010;  1 drivers
v0x55f3da806750_0 .net *"_s110", 0 0, L_0x55f3da8130b0;  1 drivers
v0x55f3da806830_0 .net *"_s113", 0 0, L_0x55f3da813260;  1 drivers
v0x55f3da806910_0 .net *"_s115", 0 0, L_0x55f3da813420;  1 drivers
v0x55f3da8069d0_0 .net *"_s116", 0 0, L_0x55f3da813510;  1 drivers
v0x55f3da806ab0_0 .net *"_s118", 0 0, L_0x55f3da813620;  1 drivers
v0x55f3da806b90_0 .net *"_s123", 0 0, L_0x55f3da8131c0;  1 drivers
v0x55f3da806c70_0 .net *"_s125", 0 0, L_0x55f3da8138c0;  1 drivers
v0x55f3da806d50_0 .net *"_s127", 0 0, L_0x55f3da813960;  1 drivers
v0x55f3da806e10_0 .net *"_s128", 0 0, L_0x55f3da813bc0;  1 drivers
v0x55f3da806ef0_0 .net *"_s13", 0 0, L_0x55f3da810150;  1 drivers
v0x55f3da806fd0_0 .net *"_s131", 0 0, L_0x55f3da813cd0;  1 drivers
v0x55f3da8071c0_0 .net *"_s132", 0 0, L_0x55f3da813d70;  1 drivers
v0x55f3da8072a0_0 .net *"_s135", 0 0, L_0x55f3da813f40;  1 drivers
v0x55f3da807380_0 .net *"_s137", 0 0, L_0x55f3da814130;  1 drivers
v0x55f3da807440_0 .net *"_s138", 0 0, L_0x55f3da814220;  1 drivers
v0x55f3da807520_0 .net *"_s140", 0 0, L_0x55f3da814330;  1 drivers
v0x55f3da807600_0 .net *"_s145", 0 0, L_0x55f3da8144c0;  1 drivers
v0x55f3da8076e0_0 .net *"_s147", 0 0, L_0x55f3da8146c0;  1 drivers
v0x55f3da8077a0_0 .net *"_s149", 0 0, L_0x55f3da8147b0;  1 drivers
v0x55f3da807880_0 .net *"_s15", 0 0, L_0x55f3da8101f0;  1 drivers
v0x55f3da807940_0 .net *"_s150", 0 0, L_0x55f3da8149c0;  1 drivers
v0x55f3da807a20_0 .net *"_s153", 0 0, L_0x55f3da814b00;  1 drivers
v0x55f3da807b00_0 .net *"_s154", 0 0, L_0x55f3da814ba0;  1 drivers
v0x55f3da807be0_0 .net *"_s157", 0 0, L_0x55f3da814d90;  1 drivers
v0x55f3da807cc0_0 .net *"_s159", 0 0, L_0x55f3da814fb0;  1 drivers
v0x55f3da807d80_0 .net *"_s16", 0 0, L_0x55f3da810320;  1 drivers
v0x55f3da807e60_0 .net *"_s160", 0 0, L_0x55f3da8150a0;  1 drivers
v0x55f3da808150_0 .net *"_s162", 0 0, L_0x55f3da8151b0;  1 drivers
v0x55f3da808230_0 .net *"_s167", 0 0, L_0x55f3da815360;  1 drivers
v0x55f3da808310_0 .net *"_s169", 0 0, L_0x55f3da815590;  1 drivers
v0x55f3da8083f0_0 .net *"_s170", 0 0, L_0x55f3da815630;  1 drivers
v0x55f3da8084d0_0 .net *"_s173", 0 0, L_0x55f3da815770;  1 drivers
v0x55f3da8085b0_0 .net *"_s174", 0 0, L_0x55f3da8159b0;  1 drivers
v0x55f3da808690_0 .net *"_s177", 0 0, L_0x55f3da815bc0;  1 drivers
v0x55f3da808770_0 .net *"_s179", 0 0, L_0x55f3da815c60;  1 drivers
v0x55f3da808830_0 .net *"_s180", 0 0, L_0x55f3da815f00;  1 drivers
v0x55f3da808910_0 .net *"_s182", 0 0, L_0x55f3da816010;  1 drivers
v0x55f3da8089f0_0 .net *"_s187", 0 0, L_0x55f3da8161e0;  1 drivers
v0x55f3da808ad0_0 .net *"_s189", 0 0, L_0x55f3da816280;  1 drivers
v0x55f3da808b90_0 .net *"_s19", 0 0, L_0x55f3da810430;  1 drivers
v0x55f3da808c70_0 .net *"_s191", 0 0, L_0x55f3da816530;  1 drivers
v0x55f3da808d50_0 .net *"_s193", 0 0, L_0x55f3da8165d0;  1 drivers
v0x55f3da808e10_0 .net *"_s194", 0 0, L_0x55f3da8168c0;  1 drivers
v0x55f3da808ef0_0 .net *"_s197", 0 0, L_0x55f3da8169d0;  1 drivers
v0x55f3da808fd0_0 .net *"_s199", 0 0, L_0x55f3da816a70;  1 drivers
v0x55f3da809090_0 .net *"_s200", 0 0, L_0x55f3da816d40;  1 drivers
v0x55f3da809170_0 .net *"_s203", 0 0, L_0x55f3da816f70;  1 drivers
v0x55f3da809250_0 .net *"_s204", 0 0, L_0x55f3da817010;  1 drivers
v0x55f3da809330_0 .net *"_s206", 0 0, L_0x55f3da817120;  1 drivers
v0x55f3da809410_0 .net *"_s21", 0 0, L_0x55f3da8104d0;  1 drivers
v0x55f3da8094d0_0 .net *"_s211", 0 0, L_0x55f3da817310;  1 drivers
v0x55f3da8095b0_0 .net *"_s213", 0 0, L_0x55f3da8175a0;  1 drivers
v0x55f3da809690_0 .net *"_s215", 0 0, L_0x55f3da817640;  1 drivers
v0x55f3da809750_0 .net *"_s216", 0 0, L_0x55f3da817960;  1 drivers
v0x55f3da809830_0 .net *"_s219", 0 0, L_0x55f3da817a70;  1 drivers
v0x55f3da809910_0 .net *"_s22", 0 0, L_0x55f3da8105c0;  1 drivers
v0x55f3da8099f0_0 .net *"_s221", 0 0, L_0x55f3da817b10;  1 drivers
v0x55f3da809ab0_0 .net *"_s222", 0 0, L_0x55f3da817e10;  1 drivers
v0x55f3da809b90_0 .net *"_s225", 0 0, L_0x55f3da818060;  1 drivers
v0x55f3da80a080_0 .net *"_s226", 0 0, L_0x55f3da818100;  1 drivers
v0x55f3da80a160_0 .net *"_s228", 0 0, L_0x55f3da818210;  1 drivers
v0x55f3da80a240_0 .net *"_s233", 0 0, L_0x55f3da818420;  1 drivers
v0x55f3da80a320_0 .net *"_s235", 0 0, L_0x55f3da8186e0;  1 drivers
v0x55f3da80a3e0_0 .net *"_s237", 0 0, L_0x55f3da8187d0;  1 drivers
v0x55f3da80a4c0_0 .net *"_s238", 0 0, L_0x55f3da818aa0;  1 drivers
v0x55f3da80a5a0_0 .net *"_s24", 0 0, L_0x55f3da8106d0;  1 drivers
v0x55f3da80a680_0 .net *"_s241", 0 0, L_0x55f3da818be0;  1 drivers
v0x55f3da80a760_0 .net *"_s243", 0 0, L_0x55f3da818c80;  1 drivers
v0x55f3da80a820_0 .net *"_s244", 0 0, L_0x55f3da818fb0;  1 drivers
v0x55f3da80a900_0 .net *"_s247", 0 0, L_0x55f3da819220;  1 drivers
v0x55f3da80a9e0_0 .net *"_s248", 0 0, L_0x55f3da8192c0;  1 drivers
v0x55f3da80aac0_0 .net *"_s250", 0 0, L_0x55f3da8193d0;  1 drivers
v0x55f3da80aba0_0 .net *"_s255", 0 0, L_0x55f3da819600;  1 drivers
v0x55f3da80ac80_0 .net *"_s257", 0 0, L_0x55f3da8198f0;  1 drivers
v0x55f3da80ad60_0 .net *"_s258", 0 0, L_0x55f3da819990;  1 drivers
v0x55f3da80ae40_0 .net *"_s261", 0 0, L_0x55f3da819ad0;  1 drivers
v0x55f3da80af20_0 .net *"_s263", 0 0, L_0x55f3da819dd0;  1 drivers
v0x55f3da80afe0_0 .net *"_s264", 0 0, L_0x55f3da819ec0;  1 drivers
v0x55f3da80b0c0_0 .net *"_s267", 0 0, L_0x55f3da81a150;  1 drivers
v0x55f3da80b1a0_0 .net *"_s268", 0 0, L_0x55f3da81a460;  1 drivers
v0x55f3da80b280_0 .net *"_s270", 0 0, L_0x55f3da81a570;  1 drivers
v0x55f3da80b360_0 .net *"_s275", 0 0, L_0x55f3da81a7c0;  1 drivers
v0x55f3da80b440_0 .net *"_s277", 0 0, L_0x55f3da81a860;  1 drivers
v0x55f3da80b500_0 .net *"_s279", 0 0, L_0x55f3da81abd0;  1 drivers
v0x55f3da80b5e0_0 .net *"_s281", 0 0, L_0x55f3da81ac70;  1 drivers
v0x55f3da80b6a0_0 .net *"_s282", 0 0, L_0x55f3da81b020;  1 drivers
v0x55f3da80b780_0 .net *"_s285", 0 0, L_0x55f3da81b130;  1 drivers
v0x55f3da80b860_0 .net *"_s286", 0 0, L_0x55f3da81b1d0;  1 drivers
v0x55f3da80b940_0 .net *"_s289", 0 0, L_0x55f3da81b480;  1 drivers
v0x55f3da80ba20_0 .net *"_s29", 0 0, L_0x55f3da8107c0;  1 drivers
v0x55f3da80bb00_0 .net *"_s290", 0 0, L_0x55f3da81b7c0;  1 drivers
v0x55f3da80bbe0_0 .net *"_s292", 0 0, L_0x55f3da81b8d0;  1 drivers
v0x55f3da80bcc0_0 .net *"_s297", 0 0, L_0x55f3da81bb40;  1 drivers
v0x55f3da80bda0_0 .net *"_s299", 0 0, L_0x55f3da81bbe0;  1 drivers
v0x55f3da80be80_0 .net *"_s3", 0 0, L_0x55f3da80fc90;  1 drivers
v0x55f3da80bf60_0 .net *"_s301", 0 0, L_0x55f3da81bf30;  1 drivers
v0x55f3da80c020_0 .net *"_s302", 0 0, L_0x55f3da81c050;  1 drivers
v0x55f3da80c100_0 .net *"_s305", 0 0, L_0x55f3da81c160;  1 drivers
v0x55f3da80c1e0_0 .net *"_s306", 0 0, L_0x55f3da81c4c0;  1 drivers
v0x55f3da80c2c0_0 .net *"_s309", 0 0, L_0x55f3da81c790;  1 drivers
v0x55f3da80c3a0_0 .net *"_s31", 0 0, L_0x55f3da810860;  1 drivers
v0x55f3da80c480_0 .net *"_s310", 0 0, L_0x55f3da81c830;  1 drivers
v0x55f3da80c560_0 .net *"_s312", 0 0, L_0x55f3da81c940;  1 drivers
v0x55f3da80c640_0 .net *"_s317", 0 0, L_0x55f3da81cbd0;  1 drivers
v0x55f3da80c720_0 .net *"_s319", 0 0, L_0x55f3da81cf40;  1 drivers
v0x55f3da80c7e0_0 .net *"_s321", 0 0, L_0x55f3da81d030;  1 drivers
v0x55f3da80c8c0_0 .net *"_s322", 0 0, L_0x55f3da81d3b0;  1 drivers
v0x55f3da80c9a0_0 .net *"_s325", 0 0, L_0x55f3da81d4f0;  1 drivers
v0x55f3da80ca80_0 .net *"_s326", 0 0, L_0x55f3da81d590;  1 drivers
v0x55f3da80cb60_0 .net *"_s329", 0 0, L_0x55f3da81d880;  1 drivers
v0x55f3da80cc40_0 .net *"_s33", 0 0, L_0x55f3da810960;  1 drivers
v0x55f3da80cd00_0 .net *"_s330", 0 0, L_0x55f3da81dc10;  1 drivers
v0x55f3da80cde0_0 .net *"_s332", 0 0, L_0x55f3da81dd20;  1 drivers
v0x55f3da80cec0_0 .net *"_s338", 0 0, L_0x55f3da81e520;  1 drivers
v0x55f3da80cfa0_0 .net *"_s34", 0 0, L_0x55f3da810a30;  1 drivers
v0x55f3da80d080_0 .net *"_s340", 0 0, L_0x55f3da81e8c0;  1 drivers
v0x55f3da80d160_0 .net *"_s341", 0 0, L_0x55f3da81e960;  1 drivers
v0x55f3da80d240_0 .net *"_s344", 0 0, L_0x55f3da81ea70;  1 drivers
v0x55f3da80d320_0 .net *"_s345", 0 0, L_0x55f3da81ee20;  1 drivers
v0x55f3da80d400_0 .net *"_s348", 0 0, L_0x55f3da81f130;  1 drivers
v0x55f3da80d4e0_0 .net *"_s349", 0 0, L_0x55f3da81f9e0;  1 drivers
v0x55f3da80d5c0_0 .net *"_s351", 0 0, L_0x55f3da81faf0;  1 drivers
v0x55f3da80d6a0_0 .net *"_s37", 0 0, L_0x55f3da810b40;  1 drivers
v0x55f3da80df90_0 .net *"_s39", 0 0, L_0x55f3da810c50;  1 drivers
v0x55f3da80e050_0 .net *"_s40", 0 0, L_0x55f3da810d40;  1 drivers
v0x55f3da80e130_0 .net *"_s43", 0 0, L_0x55f3da810e90;  1 drivers
v0x55f3da80e210_0 .net *"_s45", 0 0, L_0x55f3da810fb0;  1 drivers
v0x55f3da80e2d0_0 .net *"_s46", 0 0, L_0x55f3da810be0;  1 drivers
v0x55f3da80e3b0_0 .net *"_s48", 0 0, L_0x55f3da811140;  1 drivers
v0x55f3da80e490_0 .net *"_s5", 0 0, L_0x55f3da80fd60;  1 drivers
v0x55f3da80e550_0 .net *"_s53", 0 0, L_0x55f3da8112a0;  1 drivers
v0x55f3da80e630_0 .net *"_s55", 0 0, L_0x55f3da8113d0;  1 drivers
v0x55f3da80e6f0_0 .net *"_s57", 0 0, L_0x55f3da8114c0;  1 drivers
v0x55f3da80e7d0_0 .net *"_s58", 0 0, L_0x55f3da811600;  1 drivers
v0x55f3da80e8b0_0 .net *"_s61", 0 0, L_0x55f3da811710;  1 drivers
v0x55f3da80e990_0 .net *"_s63", 0 0, L_0x55f3da8117b0;  1 drivers
v0x55f3da80ea50_0 .net *"_s64", 0 0, L_0x55f3da811950;  1 drivers
v0x55f3da80eb30_0 .net *"_s67", 0 0, L_0x55f3da811560;  1 drivers
v0x55f3da80ec10_0 .net *"_s69", 0 0, L_0x55f3da811ac0;  1 drivers
v0x55f3da80ecd0_0 .net *"_s7", 0 0, L_0x55f3da80fe30;  1 drivers
v0x55f3da80edb0_0 .net *"_s70", 0 0, L_0x55f3da811c20;  1 drivers
v0x55f3da80ee90_0 .net *"_s72", 0 0, L_0x55f3da811d30;  1 drivers
v0x55f3da80ef70_0 .net *"_s77", 0 0, L_0x55f3da811e60;  1 drivers
v0x55f3da80f050_0 .net *"_s79", 0 0, L_0x55f3da811f00;  1 drivers
v0x55f3da80f130_0 .net *"_s80", 0 0, L_0x55f3da812070;  1 drivers
v0x55f3da80f210_0 .net *"_s83", 0 0, L_0x55f3da812180;  1 drivers
v0x55f3da80f2f0_0 .net *"_s85", 0 0, L_0x55f3da812220;  1 drivers
v0x55f3da80f3b0_0 .net *"_s86", 0 0, L_0x55f3da8123f0;  1 drivers
v0x55f3da80f490_0 .net *"_s89", 0 0, L_0x55f3da812580;  1 drivers
v0x55f3da80f570_0 .net *"_s9", 0 0, L_0x55f3da80ff20;  1 drivers
v0x55f3da80f630_0 .net *"_s91", 0 0, L_0x55f3da812620;  1 drivers
v0x55f3da80f6f0_0 .net *"_s92", 0 0, L_0x55f3da811df0;  1 drivers
v0x55f3da80f7d0_0 .net *"_s94", 0 0, L_0x55f3da8128a0;  1 drivers
v0x55f3da80f8b0_0 .net *"_s99", 0 0, L_0x55f3da8129f0;  1 drivers
v0x55f3da80f990_0 .net "enable", 0 0, o0x7ff5d37f3e18;  0 drivers
o0x7ff5d37f3e48 .functor BUFZ 4, C4<zzzz>; HiZ drive
v0x55f3da80fa50_0 .net "in", 3 0, o0x7ff5d37f3e48;  0 drivers
v0x55f3da80fb30_0 .net "out", 15 0, L_0x55f3da81dfd0;  1 drivers
L_0x55f3da80fc90 .part o0x7ff5d37f3e48, 0, 1;
L_0x55f3da80fd60 .reduce/nor L_0x55f3da80fc90;
L_0x55f3da80fe30 .part o0x7ff5d37f3e48, 1, 1;
L_0x55f3da80ff20 .reduce/nor L_0x55f3da80fe30;
L_0x55f3da810150 .part o0x7ff5d37f3e48, 2, 1;
L_0x55f3da8101f0 .reduce/nor L_0x55f3da810150;
L_0x55f3da810430 .part o0x7ff5d37f3e48, 3, 1;
L_0x55f3da8104d0 .reduce/nor L_0x55f3da810430;
L_0x55f3da8107c0 .part o0x7ff5d37f3e48, 0, 1;
L_0x55f3da810860 .part o0x7ff5d37f3e48, 1, 1;
L_0x55f3da810960 .reduce/nor L_0x55f3da810860;
L_0x55f3da810b40 .part o0x7ff5d37f3e48, 2, 1;
L_0x55f3da810c50 .reduce/nor L_0x55f3da810b40;
L_0x55f3da810e90 .part o0x7ff5d37f3e48, 3, 1;
L_0x55f3da810fb0 .reduce/nor L_0x55f3da810e90;
L_0x55f3da8112a0 .part o0x7ff5d37f3e48, 0, 1;
L_0x55f3da8113d0 .reduce/nor L_0x55f3da8112a0;
L_0x55f3da8114c0 .part o0x7ff5d37f3e48, 1, 1;
L_0x55f3da811710 .part o0x7ff5d37f3e48, 2, 1;
L_0x55f3da8117b0 .reduce/nor L_0x55f3da811710;
L_0x55f3da811560 .part o0x7ff5d37f3e48, 3, 1;
L_0x55f3da811ac0 .reduce/nor L_0x55f3da811560;
L_0x55f3da811e60 .part o0x7ff5d37f3e48, 0, 1;
L_0x55f3da811f00 .part o0x7ff5d37f3e48, 1, 1;
L_0x55f3da812180 .part o0x7ff5d37f3e48, 2, 1;
L_0x55f3da812220 .reduce/nor L_0x55f3da812180;
L_0x55f3da812580 .part o0x7ff5d37f3e48, 3, 1;
L_0x55f3da812620 .reduce/nor L_0x55f3da812580;
L_0x55f3da8129f0 .part o0x7ff5d37f3e48, 0, 1;
L_0x55f3da812a90 .reduce/nor L_0x55f3da8129f0;
L_0x55f3da812c30 .part o0x7ff5d37f3e48, 1, 1;
L_0x55f3da812cd0 .reduce/nor L_0x55f3da812c30;
L_0x55f3da813010 .part o0x7ff5d37f3e48, 2, 1;
L_0x55f3da813260 .part o0x7ff5d37f3e48, 3, 1;
L_0x55f3da813420 .reduce/nor L_0x55f3da813260;
L_0x55f3da8131c0 .part o0x7ff5d37f3e48, 0, 1;
L_0x55f3da8138c0 .part o0x7ff5d37f3e48, 1, 1;
L_0x55f3da813960 .reduce/nor L_0x55f3da8138c0;
L_0x55f3da813cd0 .part o0x7ff5d37f3e48, 2, 1;
L_0x55f3da813f40 .part o0x7ff5d37f3e48, 3, 1;
L_0x55f3da814130 .reduce/nor L_0x55f3da813f40;
L_0x55f3da8144c0 .part o0x7ff5d37f3e48, 0, 1;
L_0x55f3da8146c0 .reduce/nor L_0x55f3da8144c0;
L_0x55f3da8147b0 .part o0x7ff5d37f3e48, 1, 1;
L_0x55f3da814b00 .part o0x7ff5d37f3e48, 2, 1;
L_0x55f3da814d90 .part o0x7ff5d37f3e48, 3, 1;
L_0x55f3da814fb0 .reduce/nor L_0x55f3da814d90;
L_0x55f3da815360 .part o0x7ff5d37f3e48, 0, 1;
L_0x55f3da815590 .part o0x7ff5d37f3e48, 1, 1;
L_0x55f3da815770 .part o0x7ff5d37f3e48, 2, 1;
L_0x55f3da815bc0 .part o0x7ff5d37f3e48, 3, 1;
L_0x55f3da815c60 .reduce/nor L_0x55f3da815bc0;
L_0x55f3da8161e0 .part o0x7ff5d37f3e48, 0, 1;
L_0x55f3da816280 .reduce/nor L_0x55f3da8161e0;
L_0x55f3da816530 .part o0x7ff5d37f3e48, 1, 1;
L_0x55f3da8165d0 .reduce/nor L_0x55f3da816530;
L_0x55f3da8169d0 .part o0x7ff5d37f3e48, 2, 1;
L_0x55f3da816a70 .reduce/nor L_0x55f3da8169d0;
L_0x55f3da816f70 .part o0x7ff5d37f3e48, 3, 1;
L_0x55f3da817310 .part o0x7ff5d37f3e48, 0, 1;
L_0x55f3da8175a0 .part o0x7ff5d37f3e48, 1, 1;
L_0x55f3da817640 .reduce/nor L_0x55f3da8175a0;
L_0x55f3da817a70 .part o0x7ff5d37f3e48, 2, 1;
L_0x55f3da817b10 .reduce/nor L_0x55f3da817a70;
L_0x55f3da818060 .part o0x7ff5d37f3e48, 3, 1;
L_0x55f3da818420 .part o0x7ff5d37f3e48, 0, 1;
L_0x55f3da8186e0 .reduce/nor L_0x55f3da818420;
L_0x55f3da8187d0 .part o0x7ff5d37f3e48, 1, 1;
L_0x55f3da818be0 .part o0x7ff5d37f3e48, 2, 1;
L_0x55f3da818c80 .reduce/nor L_0x55f3da818be0;
L_0x55f3da819220 .part o0x7ff5d37f3e48, 3, 1;
L_0x55f3da819600 .part o0x7ff5d37f3e48, 0, 1;
L_0x55f3da8198f0 .part o0x7ff5d37f3e48, 1, 1;
L_0x55f3da819ad0 .part o0x7ff5d37f3e48, 2, 1;
L_0x55f3da819dd0 .reduce/nor L_0x55f3da819ad0;
L_0x55f3da81a150 .part o0x7ff5d37f3e48, 3, 1;
L_0x55f3da81a7c0 .part o0x7ff5d37f3e48, 0, 1;
L_0x55f3da81a860 .reduce/nor L_0x55f3da81a7c0;
L_0x55f3da81abd0 .part o0x7ff5d37f3e48, 1, 1;
L_0x55f3da81ac70 .reduce/nor L_0x55f3da81abd0;
L_0x55f3da81b130 .part o0x7ff5d37f3e48, 2, 1;
L_0x55f3da81b480 .part o0x7ff5d37f3e48, 3, 1;
L_0x55f3da81bb40 .part o0x7ff5d37f3e48, 0, 1;
L_0x55f3da81bbe0 .part o0x7ff5d37f3e48, 1, 1;
L_0x55f3da81bf30 .reduce/nor L_0x55f3da81bbe0;
L_0x55f3da81c160 .part o0x7ff5d37f3e48, 2, 1;
L_0x55f3da81c790 .part o0x7ff5d37f3e48, 3, 1;
L_0x55f3da81cbd0 .part o0x7ff5d37f3e48, 0, 1;
L_0x55f3da81cf40 .reduce/nor L_0x55f3da81cbd0;
L_0x55f3da81d030 .part o0x7ff5d37f3e48, 1, 1;
L_0x55f3da81d4f0 .part o0x7ff5d37f3e48, 2, 1;
L_0x55f3da81d880 .part o0x7ff5d37f3e48, 3, 1;
LS_0x55f3da81dfd0_0_0 .concat8 [ 1 1 1 1], L_0x55f3da8106d0, L_0x55f3da811140, L_0x55f3da811d30, L_0x55f3da8128a0;
LS_0x55f3da81dfd0_0_4 .concat8 [ 1 1 1 1], L_0x55f3da813620, L_0x55f3da814330, L_0x55f3da8151b0, L_0x55f3da816010;
LS_0x55f3da81dfd0_0_8 .concat8 [ 1 1 1 1], L_0x55f3da817120, L_0x55f3da818210, L_0x55f3da8193d0, L_0x55f3da81a570;
LS_0x55f3da81dfd0_0_12 .concat8 [ 1 1 1 1], L_0x55f3da81b8d0, L_0x55f3da81c940, L_0x55f3da81dd20, L_0x55f3da81faf0;
L_0x55f3da81dfd0 .concat8 [ 4 4 4 4], LS_0x55f3da81dfd0_0_0, LS_0x55f3da81dfd0_0_4, LS_0x55f3da81dfd0_0_8, LS_0x55f3da81dfd0_0_12;
L_0x55f3da81e520 .part o0x7ff5d37f3e48, 0, 1;
L_0x55f3da81e8c0 .part o0x7ff5d37f3e48, 1, 1;
L_0x55f3da81ea70 .part o0x7ff5d37f3e48, 2, 1;
L_0x55f3da81f130 .part o0x7ff5d37f3e48, 3, 1;
# The file index is used to find the file name in the following table.
:file_names 3;
    "N/A";
    "<interactive>";
    "/home/incredibleradioman/repos/DigitalSynthLessons/panchul/unit3/b8_4bit_dec_assign_logic/b8_4bit_dec_assign_logic.sv";
