#! /usr/bin/vvp
:ivl_version "10.3 (stable)";
:ivl_delay_selection "TYPICAL";
:vpi_time_precision + 0;
:vpi_module "system";
:vpi_module "vhdl_sys";
:vpi_module "v2005_math";
:vpi_module "va_math";
S_0x56142b666130 .scope module, "sr_latch" "sr_latch" 2 2;
 .timescale 0 0;
    .port_info 0 /INPUT 1 "s"
    .port_info 1 /INPUT 1 "r"
    .port_info 2 /OUTPUT 1 "q"
    .port_info 3 /OUTPUT 1 "q_n"
o0x7efdea76f0d8 .functor BUFZ 1, C4<z>; HiZ drive
L_0x56142b6a9410 .functor OR 1, o0x7efdea76f0d8, L_0x56142b6a96e0, C4<0>, C4<0>;
L_0x56142b6a9500 .functor NOT 1, L_0x56142b6a9410, C4<0>, C4<0>, C4<0>;
o0x7efdea76f108 .functor BUFZ 1, C4<z>; HiZ drive
L_0x56142b6a95f0 .functor OR 1, o0x7efdea76f108, L_0x56142b6a9500, C4<0>, C4<0>;
L_0x56142b6a96e0 .functor NOT 1, L_0x56142b6a95f0, C4<0>, C4<0>, C4<0>;
v0x56142b666320_0 .net *"_s0", 0 0, L_0x56142b6a9410;  1 drivers
v0x56142b6a8f50_0 .net *"_s4", 0 0, L_0x56142b6a95f0;  1 drivers
v0x56142b6a9030_0 .net "q", 0 0, L_0x56142b6a9500;  1 drivers
v0x56142b6a9100_0 .net "q_n", 0 0, L_0x56142b6a96e0;  1 drivers
v0x56142b6a91c0_0 .net "r", 0 0, o0x7efdea76f0d8;  0 drivers
v0x56142b6a92d0_0 .net "s", 0 0, o0x7efdea76f108;  0 drivers
# The file index is used to find the file name in the following table.
:file_names 3;
    "N/A";
    "<interactive>";
    "/home/incredibleradioman/repos/DigitalSynthLessons/panchul/unit2/rs_latch/sr_latch.sv";
