#! /usr/bin/vvp
:ivl_version "10.3 (stable)";
:ivl_delay_selection "TYPICAL";
:vpi_time_precision + 0;
:vpi_module "system";
:vpi_module "vhdl_sys";
:vpi_module "v2005_math";
:vpi_module "va_math";
S_0x5618e7949c00 .scope module, "t_flip_flop" "t_flip_flop" 2 25;
 .timescale 0 0;
    .port_info 0 /INPUT 1 "clk"
    .port_info 1 /INPUT 1 "rst_n"
    .port_info 2 /OUTPUT 1 "q"
o0x7f47aa453018 .functor BUFZ 1, C4<z>; HiZ drive
v0x5618e79589e0_0 .net "clk", 0 0, o0x7f47aa453018;  0 drivers
v0x5618e7958aa0_0 .net "q", 0 0, v0x5618e79586b0_0;  1 drivers
v0x5618e7958b70_0 .net "q_n", 0 0, v0x5618e7958780_0;  1 drivers
o0x7f47aa4530a8 .functor BUFZ 1, C4<z>; HiZ drive
v0x5618e7958c90_0 .net "rst_n", 0 0, o0x7f47aa4530a8;  0 drivers
S_0x5618e7949dd0 .scope module, "d" "d_flip_flop" 2 34, 2 1 0, S_0x5618e7949c00;
 .timescale 0 0;
    .port_info 0 /INPUT 1 "clk"
    .port_info 1 /INPUT 1 "d"
    .port_info 2 /INPUT 1 "rst_n"
    .port_info 3 /OUTPUT 1 "q"
    .port_info 4 /OUTPUT 1 "q_n"
v0x5618e7913190_0 .net "clk", 0 0, o0x7f47aa453018;  alias, 0 drivers
v0x5618e79585f0_0 .net "d", 0 0, v0x5618e7958780_0;  alias, 1 drivers
v0x5618e79586b0_0 .var "q", 0 0;
v0x5618e7958780_0 .var "q_n", 0 0;
v0x5618e7958850_0 .net "rst_n", 0 0, o0x7f47aa4530a8;  alias, 0 drivers
E_0x5618e7913900/0 .event negedge, v0x5618e7958850_0;
E_0x5618e7913900/1 .event posedge, v0x5618e7913190_0;
E_0x5618e7913900 .event/or E_0x5618e7913900/0, E_0x5618e7913900/1;
    .scope S_0x5618e7949dd0;
T_0 ;
    %wait E_0x5618e7913900;
    %load/vec4 v0x5618e7958850_0;
    %nor/r;
    %flag_set/vec4 8;
    %jmp/0xz  T_0.0, 8;
    %pushi/vec4 0, 0, 1;
    %assign/vec4 v0x5618e79586b0_0, 0;
    %pushi/vec4 1, 0, 1;
    %assign/vec4 v0x5618e7958780_0, 0;
    %jmp T_0.1;
T_0.0 ;
    %load/vec4 v0x5618e79585f0_0;
    %assign/vec4 v0x5618e79586b0_0, 0;
    %load/vec4 v0x5618e79585f0_0;
    %inv;
    %assign/vec4 v0x5618e7958780_0, 0;
T_0.1 ;
    %jmp T_0;
    .thread T_0;
# The file index is used to find the file name in the following table.
:file_names 3;
    "N/A";
    "<interactive>";
    "/home/incredibleradioman/repos/DigitalSynthLessons/panchul/unit2/t_flip_flop/t_flip_flop.sv";
