#! /usr/bin/vvp
:ivl_version "10.3 (stable)";
:ivl_delay_selection "TYPICAL";
:vpi_time_precision + 0;
:vpi_module "system";
:vpi_module "vhdl_sys";
:vpi_module "v2005_math";
:vpi_module "va_math";
S_0x55c65963bcd0 .scope module, "d_flip_flop" "d_flip_flop" 2 34;
 .timescale 0 0;
    .port_info 0 /INPUT 1 "clk"
    .port_info 1 /INPUT 1 "d"
    .port_info 2 /OUTPUT 1 "q"
    .port_info 3 /OUTPUT 1 "q_n"
o0x7fed917a5558 .functor BUFZ 1, C4<z>; HiZ drive
L_0x55c659653cf0 .functor NOT 1, o0x7fed917a5558, C4<0>, C4<0>, C4<0>;
v0x55c659653250_0 .net "clk", 0 0, o0x7fed917a5558;  0 drivers
o0x7fed917a5258 .functor BUFZ 1, C4<z>; HiZ drive
v0x55c6596532f0_0 .net "d", 0 0, o0x7fed917a5258;  0 drivers
v0x55c6596533c0_0 .net "n1", 0 0, L_0x55c659653ae0;  1 drivers
v0x55c659653490_0 .net "q", 0 0, L_0x55c659654190;  1 drivers
v0x55c659653580_0 .net "q_n", 0 0, L_0x55c659654340;  1 drivers
S_0x55c65963bec0 .scope module, "master" "d_latch" 2 44, 2 14 0, S_0x55c65963bcd0;
 .timescale 0 0;
    .port_info 0 /INPUT 1 "clk"
    .port_info 1 /INPUT 1 "d"
    .port_info 2 /OUTPUT 1 "q"
    .port_info 3 /OUTPUT 1 "q_n"
L_0x55c6596536e0 .functor NOT 1, o0x7fed917a5258, C4<0>, C4<0>, C4<0>;
L_0x55c6596537c0 .functor AND 1, L_0x55c6596536e0, L_0x55c659653cf0, C4<1>, C4<1>;
L_0x55c6596538f0 .functor AND 1, o0x7fed917a5258, L_0x55c659653cf0, C4<1>, C4<1>;
v0x55c659651bf0_0 .net *"_s0", 0 0, L_0x55c6596536e0;  1 drivers
v0x55c659651cf0_0 .net "clk", 0 0, L_0x55c659653cf0;  1 drivers
v0x55c659651db0_0 .net "d", 0 0, o0x7fed917a5258;  alias, 0 drivers
v0x55c659651e50_0 .net "q", 0 0, L_0x55c659653ae0;  alias, 1 drivers
v0x55c659651ef0_0 .net "q_n", 0 0, L_0x55c659653c00;  1 drivers
v0x55c659651fe0_0 .net "r", 0 0, L_0x55c6596537c0;  1 drivers
v0x55c6596520b0_0 .net "s", 0 0, L_0x55c6596538f0;  1 drivers
S_0x55c65963d800 .scope module, "sr_latch" "sr_latch" 2 25, 2 2 0, S_0x55c65963bec0;
 .timescale 0 0;
    .port_info 0 /INPUT 1 "s"
    .port_info 1 /INPUT 1 "r"
    .port_info 2 /OUTPUT 1 "q"
    .port_info 3 /OUTPUT 1 "q_n"
L_0x55c659653a00 .functor OR 1, L_0x55c6596537c0, L_0x55c659653c00, C4<0>, C4<0>;
L_0x55c659653ae0 .functor NOT 1, L_0x55c659653a00, C4<0>, C4<0>, C4<0>;
L_0x55c659653b70 .functor OR 1, L_0x55c6596538f0, L_0x55c659653ae0, C4<0>, C4<0>;
L_0x55c659653c00 .functor NOT 1, L_0x55c659653b70, C4<0>, C4<0>, C4<0>;
v0x55c65962c5a0_0 .net *"_s0", 0 0, L_0x55c659653a00;  1 drivers
v0x55c659651760_0 .net *"_s4", 0 0, L_0x55c659653b70;  1 drivers
v0x55c659651840_0 .net "q", 0 0, L_0x55c659653ae0;  alias, 1 drivers
v0x55c6596518e0_0 .net "q_n", 0 0, L_0x55c659653c00;  alias, 1 drivers
v0x55c6596519a0_0 .net "r", 0 0, L_0x55c6596537c0;  alias, 1 drivers
v0x55c659651ab0_0 .net "s", 0 0, L_0x55c6596538f0;  alias, 1 drivers
S_0x55c6596521b0 .scope module, "slave" "d_latch" 2 51, 2 14 0, S_0x55c65963bcd0;
 .timescale 0 0;
    .port_info 0 /INPUT 1 "clk"
    .port_info 1 /INPUT 1 "d"
    .port_info 2 /OUTPUT 1 "q"
    .port_info 3 /OUTPUT 1 "q_n"
L_0x55c659653dd0 .functor NOT 1, L_0x55c659653ae0, C4<0>, C4<0>, C4<0>;
L_0x55c659653e60 .functor AND 1, L_0x55c659653dd0, o0x7fed917a5558, C4<1>, C4<1>;
L_0x55c659653f90 .functor AND 1, L_0x55c659653ae0, o0x7fed917a5558, C4<1>, C4<1>;
v0x55c659652c40_0 .net *"_s0", 0 0, L_0x55c659653dd0;  1 drivers
v0x55c659652d40_0 .net "clk", 0 0, o0x7fed917a5558;  alias, 0 drivers
v0x55c659652e00_0 .net "d", 0 0, L_0x55c659653ae0;  alias, 1 drivers
v0x55c659652ef0_0 .net "q", 0 0, L_0x55c659654190;  alias, 1 drivers
v0x55c659652f90_0 .net "q_n", 0 0, L_0x55c659654340;  alias, 1 drivers
v0x55c659653080_0 .net "r", 0 0, L_0x55c659653e60;  1 drivers
v0x55c659653150_0 .net "s", 0 0, L_0x55c659653f90;  1 drivers
S_0x55c659652410 .scope module, "sr_latch" "sr_latch" 2 25, 2 2 0, S_0x55c6596521b0;
 .timescale 0 0;
    .port_info 0 /INPUT 1 "s"
    .port_info 1 /INPUT 1 "r"
    .port_info 2 /OUTPUT 1 "q"
    .port_info 3 /OUTPUT 1 "q_n"
L_0x55c659654100 .functor OR 1, L_0x55c659653e60, L_0x55c659654340, C4<0>, C4<0>;
L_0x55c659654190 .functor NOT 1, L_0x55c659654100, C4<0>, C4<0>, C4<0>;
L_0x55c659654220 .functor OR 1, L_0x55c659653f90, L_0x55c659654190, C4<0>, C4<0>;
L_0x55c659654340 .functor NOT 1, L_0x55c659654220, C4<0>, C4<0>, C4<0>;
v0x55c659652680_0 .net *"_s0", 0 0, L_0x55c659654100;  1 drivers
v0x55c659652780_0 .net *"_s4", 0 0, L_0x55c659654220;  1 drivers
v0x55c659652860_0 .net "q", 0 0, L_0x55c659654190;  alias, 1 drivers
v0x55c659652930_0 .net "q_n", 0 0, L_0x55c659654340;  alias, 1 drivers
v0x55c6596529f0_0 .net "r", 0 0, L_0x55c659653e60;  alias, 1 drivers
v0x55c659652b00_0 .net "s", 0 0, L_0x55c659653f90;  alias, 1 drivers
# The file index is used to find the file name in the following table.
:file_names 3;
    "N/A";
    "<interactive>";
    "/home/incredibleradioman/repos/DigitalSynthLessons/panchul/unit2/d_flip_flop/d_flip_flop.sv";
