#! /usr/bin/vvp
:ivl_version "10.3 (stable)";
:ivl_delay_selection "TYPICAL";
:vpi_time_precision + 0;
:vpi_module "system";
:vpi_module "vhdl_sys";
:vpi_module "v2005_math";
:vpi_module "va_math";
S_0x55a5c3f57160 .scope module, "b2_enc_if" "b2_enc_if" 2 1;
 .timescale 0 0;
    .port_info 0 /INPUT 16 "encoder_in"
    .port_info 1 /OUTPUT 4 "binary_out"
    .port_info 2 /INPUT 1 "enable"
v0x55a5c3f57330_0 .var "binary_out", 3 0;
o0x7fb4aa58e048 .functor BUFZ 1, C4<z>; HiZ drive
v0x55a5c3fa2930_0 .net "enable", 0 0, o0x7fb4aa58e048;  0 drivers
o0x7fb4aa58e078 .functor BUFZ 16, C4<zzzzzzzzzzzzzzzz>; HiZ drive
v0x55a5c3fa29f0_0 .net "encoder_in", 15 0, o0x7fb4aa58e078;  0 drivers
E_0x55a5c3f8c6d0 .event edge, v0x55a5c3fa2930_0, v0x55a5c3fa29f0_0;
    .scope S_0x55a5c3f57160;
T_0 ;
    %wait E_0x55a5c3f8c6d0;
    %pushi/vec4 0, 0, 4;
    %store/vec4 v0x55a5c3f57330_0, 0, 4;
    %load/vec4 v0x55a5c3fa2930_0;
    %flag_set/vec4 8;
    %jmp/0xz  T_0.0, 8;
    %load/vec4 v0x55a5c3fa29f0_0;
    %cmpi/e 1, 0, 16;
    %jmp/0xz  T_0.2, 4;
    %pushi/vec4 0, 0, 4;
    %store/vec4 v0x55a5c3f57330_0, 0, 4;
T_0.2 ;
    %load/vec4 v0x55a5c3fa29f0_0;
    %cmpi/e 2, 0, 16;
    %jmp/0xz  T_0.4, 4;
    %pushi/vec4 1, 0, 4;
    %store/vec4 v0x55a5c3f57330_0, 0, 4;
T_0.4 ;
    %load/vec4 v0x55a5c3fa29f0_0;
    %cmpi/e 4, 0, 16;
    %jmp/0xz  T_0.6, 4;
    %pushi/vec4 2, 0, 4;
    %store/vec4 v0x55a5c3f57330_0, 0, 4;
T_0.6 ;
    %load/vec4 v0x55a5c3fa29f0_0;
    %cmpi/e 8, 0, 16;
    %jmp/0xz  T_0.8, 4;
    %pushi/vec4 3, 0, 4;
    %store/vec4 v0x55a5c3f57330_0, 0, 4;
T_0.8 ;
    %load/vec4 v0x55a5c3fa29f0_0;
    %cmpi/e 16, 0, 16;
    %jmp/0xz  T_0.10, 4;
    %pushi/vec4 4, 0, 4;
    %store/vec4 v0x55a5c3f57330_0, 0, 4;
T_0.10 ;
    %load/vec4 v0x55a5c3fa29f0_0;
    %cmpi/e 32, 0, 16;
    %jmp/0xz  T_0.12, 4;
    %pushi/vec4 5, 0, 4;
    %store/vec4 v0x55a5c3f57330_0, 0, 4;
T_0.12 ;
    %load/vec4 v0x55a5c3fa29f0_0;
    %cmpi/e 64, 0, 16;
    %jmp/0xz  T_0.14, 4;
    %pushi/vec4 6, 0, 4;
    %store/vec4 v0x55a5c3f57330_0, 0, 4;
T_0.14 ;
    %load/vec4 v0x55a5c3fa29f0_0;
    %cmpi/e 128, 0, 16;
    %jmp/0xz  T_0.16, 4;
    %pushi/vec4 7, 0, 4;
    %store/vec4 v0x55a5c3f57330_0, 0, 4;
T_0.16 ;
    %load/vec4 v0x55a5c3fa29f0_0;
    %cmpi/e 256, 0, 16;
    %jmp/0xz  T_0.18, 4;
    %pushi/vec4 8, 0, 4;
    %store/vec4 v0x55a5c3f57330_0, 0, 4;
T_0.18 ;
    %load/vec4 v0x55a5c3fa29f0_0;
    %cmpi/e 512, 0, 16;
    %jmp/0xz  T_0.20, 4;
    %pushi/vec4 9, 0, 4;
    %store/vec4 v0x55a5c3f57330_0, 0, 4;
T_0.20 ;
    %load/vec4 v0x55a5c3fa29f0_0;
    %cmpi/e 1024, 0, 16;
    %jmp/0xz  T_0.22, 4;
    %pushi/vec4 10, 0, 4;
    %store/vec4 v0x55a5c3f57330_0, 0, 4;
T_0.22 ;
    %load/vec4 v0x55a5c3fa29f0_0;
    %cmpi/e 2048, 0, 16;
    %jmp/0xz  T_0.24, 4;
    %pushi/vec4 11, 0, 4;
    %store/vec4 v0x55a5c3f57330_0, 0, 4;
T_0.24 ;
    %load/vec4 v0x55a5c3fa29f0_0;
    %cmpi/e 4096, 0, 16;
    %jmp/0xz  T_0.26, 4;
    %pushi/vec4 12, 0, 4;
    %store/vec4 v0x55a5c3f57330_0, 0, 4;
T_0.26 ;
    %load/vec4 v0x55a5c3fa29f0_0;
    %cmpi/e 8192, 0, 16;
    %jmp/0xz  T_0.28, 4;
    %pushi/vec4 13, 0, 4;
    %store/vec4 v0x55a5c3f57330_0, 0, 4;
T_0.28 ;
    %load/vec4 v0x55a5c3fa29f0_0;
    %cmpi/e 16384, 0, 16;
    %jmp/0xz  T_0.30, 4;
    %pushi/vec4 14, 0, 4;
    %store/vec4 v0x55a5c3f57330_0, 0, 4;
T_0.30 ;
    %load/vec4 v0x55a5c3fa29f0_0;
    %cmpi/e 32768, 0, 16;
    %jmp/0xz  T_0.32, 4;
    %pushi/vec4 15, 0, 4;
    %store/vec4 v0x55a5c3f57330_0, 0, 4;
T_0.32 ;
T_0.0 ;
    %jmp T_0;
    .thread T_0, $push;
# The file index is used to find the file name in the following table.
:file_names 3;
    "N/A";
    "<interactive>";
    "/home/incredibleradioman/repos/DigitalSynthLessons/panchul/unit3/b2_enc_if/b2_enc_if.sv";
