#! /usr/bin/vvp
:ivl_version "10.3 (stable)";
:ivl_delay_selection "TYPICAL";
:vpi_time_precision + 0;
:vpi_module "system";
:vpi_module "vhdl_sys";
:vpi_module "v2005_math";
:vpi_module "va_math";
S_0x561534e83140 .scope module, "b12_anybit_enc" "b12_anybit_enc" 2 1;
 .timescale 0 0;
    .port_info 0 /INPUT 16 "in"
    .port_info 1 /OUTPUT 4 "enc_out"
    .port_info 2 /INPUT 1 "enable"
P_0x561534e82620 .param/l "IN_SIZE" 0 2 4, +C4<000000000000000000000000000000010000>;
P_0x561534e82660 .param/l "OUT_SIZE" 0 2 3, +C4<00000000000000000000000000000100>;
L_0x561534e83a60 .functor BUFZ 4, v0x561534e94ac0_0, C4<0000>, C4<0000>, C4<0000>;
o0x7f717754c018 .functor BUFZ 1, C4<z>; HiZ drive
v0x561534e822e0_0 .net "enable", 0 0, o0x7f717754c018;  0 drivers
v0x561534e826b0_0 .net "enc_out", 3 0, L_0x561534e83a60;  1 drivers
v0x561534e94a20_0 .var/i "i", 31 0;
o0x7f717754c0a8 .functor BUFZ 16, C4<zzzzzzzzzzzzzzzz>; HiZ drive
v0x561534e94b60_0 .net "in", 15 0, o0x7f717754c0a8;  0 drivers
v0x561534e94ac0_0 .var "out", 3 0;
E_0x561534eb8af0 .event edge, v0x561534e94b60_0;
    .scope S_0x561534e83140;
T_0 ;
    %wait E_0x561534eb8af0;
    %load/vec4 v0x561534e822e0_0;
    %flag_set/vec4 8;
    %jmp/0xz  T_0.0, 8;
    %pushi/vec4 0, 0, 32;
    %store/vec4 v0x561534e94a20_0, 0, 32;
T_0.2 ;
    %load/vec4 v0x561534e94a20_0;
    %pad/s 36;
    %cmpi/s 15, 0, 36;
    %flag_get/vec4 5;
    %load/vec4 v0x561534e94b60_0;
    %load/vec4 v0x561534e94a20_0;
    %part/s 1;
    %nor/r;
    %and;
    %flag_set/vec4 8;
    %jmp/0xz T_0.3, 8;
    %load/vec4 v0x561534e94a20_0;
    %addi 1, 0, 32;
    %store/vec4 v0x561534e94a20_0, 0, 32;
    %jmp T_0.2;
T_0.3 ;
    %load/vec4 v0x561534e94a20_0;
    %pad/s 4;
    %assign/vec4 v0x561534e94ac0_0, 0;
    %jmp T_0.1;
T_0.0 ;
    %pushi/vec4 0, 0, 4;
    %assign/vec4 v0x561534e94ac0_0, 0;
T_0.1 ;
    %jmp T_0;
    .thread T_0, $push;
# The file index is used to find the file name in the following table.
:file_names 3;
    "N/A";
    "<interactive>";
    "/home/incredibleradioman/repos/DigitalSynthLessons/panchul/unit3/b12_anybit_enc/b12_anybit_enc.sv";
