#! /usr/bin/vvp
:ivl_version "12.0 (stable)";
:ivl_delay_selection "TYPICAL";
:vpi_time_precision + 0;
:vpi_module "/usr/lib/x86_64-linux-gnu/ivl/system.vpi";
:vpi_module "/usr/lib/x86_64-linux-gnu/ivl/vhdl_sys.vpi";
:vpi_module "/usr/lib/x86_64-linux-gnu/ivl/vhdl_textio.vpi";
:vpi_module "/usr/lib/x86_64-linux-gnu/ivl/v2005_math.vpi";
:vpi_module "/usr/lib/x86_64-linux-gnu/ivl/va_math.vpi";
S_0x5b5e416a0440 .scope module, "shift_reg_en" "shift_reg_en" 2 2;
 .timescale 0 0;
    .port_info 0 /INPUT 1 "data_in";
    .port_info 1 /INPUT 1 "clk";
    .port_info 2 /INPUT 1 "rst_n";
    .port_info 3 /INPUT 1 "shift_en";
    .port_info 4 /OUTPUT 8 "data_out";
    .port_info 5 /OUTPUT 1 "serial_out";
P_0x5b5e416a05d0 .param/l "WIDTH" 0 2 3, +C4<00000000000000000000000000001000>;
o0x75efd05a0018 .functor BUFZ 1, C4<z>; HiZ drive
v0x5b5e416a0740_0 .net "clk", 0 0, o0x75efd05a0018;  0 drivers
o0x75efd05a0048 .functor BUFZ 1, C4<z>; HiZ drive
v0x5b5e416c3140_0 .net "data_in", 0 0, o0x75efd05a0048;  0 drivers
v0x5b5e416c3200_0 .var "data_out", 7 0;
o0x75efd05a00a8 .functor BUFZ 1, C4<z>; HiZ drive
v0x5b5e416c32f0_0 .net "rst_n", 0 0, o0x75efd05a00a8;  0 drivers
v0x5b5e416c33b0_0 .net "serial_out", 0 0, L_0x5b5e416c3640;  1 drivers
o0x75efd05a0108 .functor BUFZ 1, C4<z>; HiZ drive
v0x5b5e416c34c0_0 .net "shift_en", 0 0, o0x75efd05a0108;  0 drivers
E_0x5b5e416b2d00/0 .event negedge, v0x5b5e416c32f0_0;
E_0x5b5e416b2d00/1 .event posedge, v0x5b5e416a0740_0;
E_0x5b5e416b2d00 .event/or E_0x5b5e416b2d00/0, E_0x5b5e416b2d00/1;
L_0x5b5e416c3640 .part v0x5b5e416c3200_0, 0, 1;
    .scope S_0x5b5e416a0440;
T_0 ;
    %wait E_0x5b5e416b2d00;
    %load/vec4 v0x5b5e416c32f0_0;
    %nor/r;
    %flag_set/vec4 8;
    %jmp/0xz  T_0.0, 8;
    %pushi/vec4 0, 0, 8;
    %assign/vec4 v0x5b5e416c3200_0, 0;
    %jmp T_0.1;
T_0.0 ;
    %load/vec4 v0x5b5e416c34c0_0;
    %flag_set/vec4 8;
    %jmp/0xz  T_0.2, 8;
    %load/vec4 v0x5b5e416c3140_0;
    %load/vec4 v0x5b5e416c3200_0;
    %parti/s 7, 1, 2;
    %concat/vec4; draw_concat_vec4
    %assign/vec4 v0x5b5e416c3200_0, 0;
T_0.2 ;
T_0.1 ;
    %jmp T_0;
    .thread T_0;
# The file index is used to find the file name in the following table.
:file_names 3;
    "N/A";
    "<interactive>";
    "/home/inradioman/repos/DigitalSynthLessons/Panchul/unit6/shift_reg_en/shift_reg_en.sv";
